[INFO] 2026/06/03 20:46:18 Starting P2P File Transfer Application...
[INFO] 2026/06/03 20:46:18 TCP Receiver started on :50005
[INFO] 2026/06/03 20:46:18 WebSocket server starting on :8081
[INFO] 2026/06/03 20:46:18 Advertising mDNS service: Name=Nitro-P2P, Port=50005, IP=172.26.112.1
[INFO] 2026/06/03 20:46:18 Fiber web server starting on http://localhost:8080
[INFO] 2026/06/03 20:46:19 Opening dashboard in browser...
[INFO] 2026/06/03 20:49:15 Received OS signal: interrupt. Shutting down...
[INFO] 2026/06/03 20:49:15 Discovery service stopped
[INFO] 2026/06/03 20:49:15 TCP Receiver stopped
[INFO] 2026/06/03 20:52:01 Starting P2P File Transfer Application...
[ERROR] 2026/06/03 20:52:01 logger.go:73: Failed to start TCP file receiver: failed to start TCP listener on port 50005: listen tcp :50005: bind: Only one usage of each socket address (protocol/network address/port) is normally permitted.
[INFO] 2026/06/03 20:56:05 Starting P2P File Transfer Application...
[INFO] 2026/06/03 20:56:05 TCP Receiver started on :50005
[INFO] 2026/06/03 20:56:05 WebSocket server starting on :8081
[INFO] 2026/06/03 20:56:05 Advertising mDNS service: Name=Nitro-P2P, Port=50005, IP=172.26.112.1
[INFO] 2026/06/03 20:56:05 Fiber web server starting on http://localhost:8080
[INFO] 2026/06/03 20:56:06 Opening dashboard in browser...
[INFO] 2026/06/03 20:56:07 WebSocket client connected
[INFO] 2026/06/03 20:56:28 Manual scan requested by user
[INFO] 2026/06/03 20:56:28 Discovery service stopped
[INFO] 2026/06/03 20:56:29 Advertising mDNS service: Name=Nitro-P2P, Port=50005, IP=172.26.112.1
[INFO] 2026/06/03 20:56:43 Received OS signal: interrupt. Shutting down...
[INFO] 2026/06/03 20:56:43 Discovery service stopped
[INFO] 2026/06/03 20:56:43 TCP Receiver stopped
[INFO] 2026/06/03 21:03:48 Starting P2P File Transfer Application...
[INFO] 2026/06/03 21:03:48 TCP Receiver started on :50005
[INFO] 2026/06/03 21:03:48 WebSocket server starting on :8081
[INFO] 2026/06/03 21:03:48 Advertising mDNS service: Name=Nitro-P2P, Port=50005, IP=172.26.112.1
[INFO] 2026/06/03 21:03:48 Fiber web server starting on http://localhost:8080
[INFO] 2026/06/03 21:03:49 Opening dashboard in browser...
[INFO] 2026/06/03 21:03:50 WebSocket client connected
[INFO] 2026/06/03 21:07:14 Received OS signal: interrupt. Shutting down...
[INFO] 2026/06/03 21:07:14 Discovery service stopped
[INFO] 2026/06/03 21:07:14 TCP Receiver stopped
[INFO] 2026/06/03 21:07:19 Starting P2P File Transfer Application...
[INFO] 2026/06/03 21:07:19 TCP Receiver started on :50005
[INFO] 2026/06/03 21:07:19 WebSocket server starting on :8081
[INFO] 2026/06/03 21:07:19 Advertising mDNS service: Name=Nitro-P2P, Port=50005, IP=172.26.112.1
[INFO] 2026/06/03 21:07:20 Fiber web server starting on http://localhost:8080
[INFO] 2026/06/03 21:07:21 Opening dashboard in browser...
[INFO] 2026/06/03 21:07:21 WebSocket client connected
[INFO] 2026/06/03 21:07:23 WebSocket client connected
[INFO] 2026/06/03 21:08:42 Received OS signal: interrupt. Shutting down...
[INFO] 2026/06/03 21:08:42 Discovery service stopped
[INFO] 2026/06/03 21:08:42 TCP Receiver stopped
[INFO] 2026/06/03 21:08:46 Starting P2P File Transfer Application...
[INFO] 2026/06/03 21:08:46 TCP Receiver started on :50005
[INFO] 2026/06/03 21:08:46 WebSocket server starting on :8081
[INFO] 2026/06/03 21:08:47 Advertising mDNS service: Name=Nitro-P2P, Port=50005, IP=172.26.112.1
[INFO] 2026/06/03 21:08:47 WebSocket client connected
[INFO] 2026/06/03 21:08:47 WebSocket client connected
[INFO] 2026/06/03 21:08:47 Fiber web server starting on http://localhost:8080
[INFO] 2026/06/03 21:08:48 Opening dashboard in browser...
[INFO] 2026/06/03 21:08:49 WebSocket client connected
[INFO] 2026/06/03 21:11:05 Discovery configurations changed. Restarting discovery...
[INFO] 2026/06/03 21:11:05 Discovery service stopped
[INFO] 2026/06/03 21:11:05 Advertising mDNS service: Name=Nitro, Port=50005, IP=172.26.112.1
[INFO] 2026/06/03 21:11:23 Received OS signal: interrupt. Shutting down...
[INFO] 2026/06/03 21:11:23 Discovery service stopped
[INFO] 2026/06/03 21:11:23 TCP Receiver stopped
[INFO] 2026/06/03 21:11:27 Starting P2P File Transfer Application...
[INFO] 2026/06/03 21:11:27 TCP Receiver started on :50005
[INFO] 2026/06/03 21:11:27 WebSocket server starting on :8081
[INFO] 2026/06/03 21:11:27 Advertising mDNS service: Name=Nitro, Port=50005, IP=172.26.112.1
[INFO] 2026/06/03 21:11:27 WebSocket client connected
[INFO] 2026/06/03 21:11:27 WebSocket client connected
[INFO] 2026/06/03 21:11:27 WebSocket client connected
[INFO] 2026/06/03 21:11:27 Fiber web server starting on http://localhost:8080
[INFO] 2026/06/03 21:11:28 Opening dashboard in browser...
[INFO] 2026/06/03 21:11:29 WebSocket client connected
[INFO] 2026/06/03 21:11:33 WebSocket client disconnected
[INFO] 2026/06/03 21:11:33 WebSocket client connected
[INFO] 2026/06/03 21:12:08 Manual scan requested by user
[INFO] 2026/06/03 21:12:08 Discovery service stopped
[INFO] 2026/06/03 21:12:08 Advertising mDNS service: Name=Nitro, Port=50005, IP=172.26.112.1
[INFO] 2026/06/03 21:13:07 Received OS signal: interrupt. Shutting down...
[INFO] 2026/06/03 21:13:07 Discovery service stopped
[INFO] 2026/06/03 21:13:07 TCP Receiver stopped
[INFO] 2026/06/03 21:13:12 Starting P2P File Transfer Application...
[INFO] 2026/06/03 21:13:12 TCP Receiver started on :50005
[INFO] 2026/06/03 21:13:12 WebSocket server starting on :8081
[INFO] 2026/06/03 21:13:12 Advertising mDNS service: Name=Nitro, Port=50005, IP=172.26.112.1
[INFO] 2026/06/03 21:13:12 WebSocket client connected
[INFO] 2026/06/03 21:13:12 WebSocket client connected
[INFO] 2026/06/03 21:13:12 WebSocket client connected
[INFO] 2026/06/03 21:13:12 WebSocket client connected
[INFO] 2026/06/03 21:13:12 Fiber web server starting on http://localhost:8080
[INFO] 2026/06/03 21:13:13 Opening dashboard in browser...
[INFO] 2026/06/03 21:13:14 WebSocket client connected
[INFO] 2026/06/03 21:14:42 WebSocket client disconnected
[INFO] 2026/06/03 21:14:43 WebSocket client disconnected
[INFO] 2026/06/03 21:14:43 WebSocket client disconnected
[INFO] 2026/06/03 21:14:44 WebSocket client disconnected
[INFO] 2026/06/03 21:28:47 WebSocket client connected
[INFO] 2026/06/03 21:28:48 WebSocket client disconnected
[INFO] 2026/06/03 21:29:45 Exit requested from system tray. Shutting down...
[INFO] 2026/06/03 21:29:45 Discovery service stopped
[INFO] 2026/06/03 21:29:45 TCP Receiver stopped
[INFO] 2026/06/03 21:29:54 Starting P2P File Transfer Application...
[INFO] 2026/06/03 21:29:54 TCP Receiver started on :50005
[INFO] 2026/06/03 21:29:54 WebSocket server starting on :8081
[INFO] 2026/06/03 21:29:54 Advertising mDNS service: Name=Nitro, Port=50005, IP=172.26.112.1
[INFO] 2026/06/03 21:29:54 Fiber web server starting on http://localhost:8080
[INFO] 2026/06/03 21:29:55 WebSocket client connected
[INFO] 2026/06/03 21:29:55 Opening dashboard in browser...
[INFO] 2026/06/03 21:29:56 WebSocket client connected
[INFO] 2026/06/03 21:30:02 WebSocket client connected
[INFO] 2026/06/03 21:30:06 Restarting discovery from system tray...
[INFO] 2026/06/03 21:30:06 Discovery service stopped
[INFO] 2026/06/03 21:30:06 Advertising mDNS service: Name=Nitro, Port=50005, IP=172.26.112.1
[INFO] 2026/06/03 21:30:08 WebSocket client connected
[INFO] 2026/06/03 21:30:09 WebSocket client disconnected
[INFO] 2026/06/03 21:30:10 WebSocket client disconnected
[INFO] 2026/06/03 21:30:10 WebSocket client disconnected
[INFO] 2026/06/03 21:38:00 Received OS signal: interrupt. Shutting down...
[INFO] 2026/06/03 21:38:00 Discovery service stopped
[INFO] 2026/06/03 21:38:00 TCP Receiver stopped
[INFO] 2026/06/03 21:38:04 Starting P2P File Transfer Application...
[INFO] 2026/06/03 21:38:04 TCP Receiver started on :50005
[INFO] 2026/06/03 21:38:04 WebSocket server starting on :8081
[INFO] 2026/06/03 21:38:04 Advertising mDNS service: Name=Nitro, Port=50005, IP=172.26.112.1
[INFO] 2026/06/03 21:38:05 Fiber web server starting on http://localhost:8080
[INFO] 2026/06/03 21:38:05 WebSocket client connected
[INFO] 2026/06/03 21:38:06 Opening dashboard in browser...
[INFO] 2026/06/03 21:38:06 WebSocket client connected
[INFO] 2026/06/03 21:43:31 Received OS signal: interrupt. Shutting down...
[INFO] 2026/06/03 21:43:31 Discovery service stopped
[INFO] 2026/06/03 21:43:31 TCP Receiver stopped
[INFO] 2026/06/03 21:56:11 Starting P2P File Transfer Application...
[INFO] 2026/06/03 21:56:11 TCP Receiver started on :50005
[INFO] 2026/06/03 21:56:11 WebSocket server starting on :8081
[INFO] 2026/06/03 21:56:11 Advertising mDNS service: Name=Nitro, Port=50005, IP=172.26.112.1
[INFO] 2026/06/03 21:56:12 Fiber web server starting on http://localhost:8080
[INFO] 2026/06/03 21:56:12 Device discovered/updated: ferrytam-P2P (ferrytam) at 192.168.1.16:50005, status: online
[INFO] 2026/06/03 21:56:12 WebSocket client connected
[INFO] 2026/06/03 21:56:13 Opening dashboard in browser...
[INFO] 2026/06/03 21:56:14 WebSocket client connected
[INFO] 2026/06/03 21:56:15 WebSocket client connected
[INFO] 2026/06/03 21:56:42 Performing periodic background mDNS scan...
[INFO] 2026/06/03 21:57:12 Performing periodic background mDNS scan...
[INFO] 2026/06/03 21:57:42 Performing periodic background mDNS scan...
[INFO] 2026/06/03 21:57:48 Device timed out: ferrytam-P2P (ferrytam)
[INFO] 2026/06/03 21:58:12 Performing periodic background mDNS scan...
[INFO] 2026/06/03 21:58:42 Performing periodic background mDNS scan...
[INFO] 2026/06/03 21:59:12 Performing periodic background mDNS scan...
[INFO] 2026/06/03 21:59:42 Performing periodic background mDNS scan...
[INFO] 2026/06/03 21:59:45 Received OS signal: interrupt. Shutting down...
[INFO] 2026/06/03 21:59:45 Discovery service stopped
[INFO] 2026/06/03 21:59:45 TCP Receiver stopped
[INFO] 2026/06/03 22:00:26 Starting P2P File Transfer Application...
[INFO] 2026/06/03 22:00:26 TCP Receiver started on :50005
[INFO] 2026/06/03 22:00:26 WebSocket server starting on :8081
[INFO] 2026/06/03 22:00:26 Advertising mDNS service: Name=Nitro, Port=50005, IP=172.26.112.1
[INFO] 2026/06/03 22:00:26 WebSocket client connected
[INFO] 2026/06/03 22:00:26 WebSocket client connected
[INFO] 2026/06/03 22:00:26 Fiber web server starting on http://localhost:8080
[INFO] 2026/06/03 22:00:26 Device discovered/updated: ferrytam-P2P (ferrytam) at 192.168.1.16:50005, status: online
[INFO] 2026/06/03 22:00:27 Opening dashboard in browser...
[INFO] 2026/06/03 22:00:28 WebSocket client connected
[INFO] 2026/06/03 22:00:29 WebSocket client connected
[INFO] 2026/06/03 22:00:56 Performing periodic background mDNS scan...
[INFO] 2026/06/03 22:01:26 Performing periodic background mDNS scan...
[INFO] 2026/06/03 22:01:56 Performing periodic background mDNS scan...
[INFO] 2026/06/03 22:02:02 Device timed out: ferrytam-P2P (ferrytam)
[INFO] 2026/06/03 22:02:26 Performing periodic background mDNS scan...
[INFO] 2026/06/03 22:02:56 Performing periodic background mDNS scan...
[INFO] 2026/06/03 22:03:26 Performing periodic background mDNS scan...
[INFO] 2026/06/03 22:03:56 Performing periodic background mDNS scan...
[INFO] 2026/06/03 22:04:26 Performing periodic background mDNS scan...
[INFO] 2026/06/03 22:04:56 Performing periodic background mDNS scan...
[INFO] 2026/06/03 22:05:26 Performing periodic background mDNS scan...
[INFO] 2026/06/03 22:05:56 Performing periodic background mDNS scan...
[INFO] 2026/06/03 22:06:26 Performing periodic background mDNS scan...
[INFO] 2026/06/03 22:06:56 Performing periodic background mDNS scan...
[INFO] 2026/06/03 22:07:26 Performing periodic background mDNS scan...
[INFO] 2026/06/03 22:07:56 Performing periodic background mDNS scan...
[INFO] 2026/06/03 22:08:26 Performing periodic background mDNS scan...
[INFO] 2026/06/03 22:08:34 Received OS signal: interrupt. Shutting down...
[INFO] 2026/06/03 22:08:34 Discovery service stopped
[INFO] 2026/06/03 22:08:34 TCP Receiver stopped
[INFO] 2026/06/03 22:08:46 Starting P2P File Transfer Application...
[INFO] 2026/06/03 22:08:46 TCP Receiver started on :50005
[INFO] 2026/06/03 22:08:46 WebSocket server starting on :8081
[INFO] 2026/06/03 22:08:46 Advertising mDNS service: Name=Nitro, Port=50005, IP=172.26.112.1
[INFO] 2026/06/03 22:08:46 WebSocket client connected
[INFO] 2026/06/03 22:08:46 WebSocket client connected
[INFO] 2026/06/03 22:08:46 WebSocket client connected
[INFO] 2026/06/03 22:08:46 Fiber web server starting on http://localhost:8080
[INFO] 2026/06/03 22:08:47 Opening dashboard in browser...
[INFO] 2026/06/03 22:08:48 WebSocket client connected
[INFO] 2026/06/03 22:08:49 WebSocket client connected
[INFO] 2026/06/03 22:09:16 Performing periodic background mDNS scan...
[INFO] 2026/06/03 22:09:46 Performing periodic background mDNS scan...
[INFO] 2026/06/03 22:10:16 Performing periodic background mDNS scan...
[INFO] 2026/06/03 22:10:46 Performing periodic background mDNS scan...
[INFO] 2026/06/03 22:11:16 Performing periodic background mDNS scan...
[INFO] 2026/06/03 22:11:32 WebSocket client disconnected
[INFO] 2026/06/03 22:11:32 WebSocket client connected
[INFO] 2026/06/03 22:11:34 WebSocket client disconnected
[INFO] 2026/06/03 22:11:35 WebSocket client disconnected
[INFO] 2026/06/03 22:11:36 WebSocket client disconnected
[INFO] 2026/06/03 22:11:37 WebSocket client disconnected
[INFO] 2026/06/03 22:11:43 Received OS signal: interrupt. Shutting down...
[INFO] 2026/06/03 22:11:43 Discovery service stopped
[INFO] 2026/06/03 22:11:43 TCP Receiver stopped
[INFO] 2026/06/03 22:11:48 Starting P2P File Transfer Application...
[INFO] 2026/06/03 22:11:48 TCP Receiver started on :50005
[INFO] 2026/06/03 22:11:48 WebSocket server starting on :8081
[INFO] 2026/06/03 22:11:48 Advertising mDNS service: Name=Nitro, Port=50005, IP=172.26.112.1
[INFO] 2026/06/03 22:11:48 WebSocket client connected
[INFO] 2026/06/03 22:11:48 Fiber web server starting on http://localhost:8080
[INFO] 2026/06/03 22:11:48 Device discovered/updated: ferrytam-P2P (ferrytam) at 192.168.1.16:50005, status: online
[INFO] 2026/06/03 22:11:49 Opening dashboard in browser...
[INFO] 2026/06/03 22:11:51 WebSocket client connected
[INFO] 2026/06/03 22:12:18 Performing periodic background mDNS scan...
[INFO] 2026/06/03 22:12:48 Performing periodic background mDNS scan...
[INFO] 2026/06/03 22:13:18 Performing periodic background mDNS scan...
[INFO] 2026/06/03 22:13:24 Device timed out: ferrytam-P2P (ferrytam)
[INFO] 2026/06/03 22:13:41 Manual scan requested by user
[INFO] 2026/06/03 22:13:41 Discovery service stopped
[INFO] 2026/06/03 22:13:42 Advertising mDNS service: Name=Nitro, Port=50005, IP=172.26.112.1
[INFO] 2026/06/03 22:13:42 Device discovered/updated: ferrytam-P2P (ferrytam) at 192.168.1.16:50005, status: online
[INFO] 2026/06/03 22:14:12 Performing periodic background mDNS scan...
[INFO] 2026/06/03 22:14:42 Performing periodic background mDNS scan...
[INFO] 2026/06/03 22:15:12 Performing periodic background mDNS scan...
[INFO] 2026/06/03 22:15:18 Device timed out: ferrytam-P2P (ferrytam)
[INFO] 2026/06/03 22:15:42 Performing periodic background mDNS scan...
[INFO] 2026/06/03 22:16:12 Performing periodic background mDNS scan...
[INFO] 2026/06/03 22:16:21 Received OS signal: interrupt. Shutting down...
[INFO] 2026/06/03 22:16:21 Discovery service stopped
[INFO] 2026/06/03 22:16:21 TCP Receiver stopped
[INFO] 2026/06/03 22:16:31 Starting P2P File Transfer Application...
[INFO] 2026/06/03 22:16:31 TCP Receiver started on :50005
[INFO] 2026/06/03 22:16:31 WebSocket server starting on :8081
[INFO] 2026/06/03 22:16:31 Advertising mDNS service: Name=Nitro, Port=50005, IP=172.26.112.1
[INFO] 2026/06/03 22:16:31 WebSocket client connected
[INFO] 2026/06/03 22:16:32 Fiber web server starting on http://localhost:8080
[INFO] 2026/06/03 22:16:32 WebSocket client connected
[INFO] 2026/06/03 22:16:33 Opening dashboard in browser...
[INFO] 2026/06/03 22:16:34 WebSocket client connected
[INFO] 2026/06/03 22:16:44 WebSocket client disconnected
[INFO] 2026/06/03 22:16:44 WebSocket client connected
[INFO] 2026/06/03 22:16:45 Manual scan requested by user
[INFO] 2026/06/03 22:16:45 Discovery service stopped
[INFO] 2026/06/03 22:16:46 Advertising mDNS service: Name=Nitro, Port=50005, IP=172.26.112.1
[INFO] 2026/06/03 22:16:54 Manual scan requested by user
[INFO] 2026/06/03 22:16:54 Discovery service stopped
[INFO] 2026/06/03 22:16:55 Advertising mDNS service: Name=Nitro, Port=50005, IP=172.26.112.1
[INFO] 2026/06/03 22:17:11 Performing periodic background mDNS scan...
[INFO] 2026/06/03 22:17:26 Performing periodic background mDNS scan...
[INFO] 2026/06/03 22:17:41 Performing periodic background mDNS scan...
[INFO] 2026/06/03 22:17:56 Performing periodic background mDNS scan...
[INFO] 2026/06/03 22:18:11 Performing periodic background mDNS scan...
[INFO] 2026/06/03 22:18:26 Performing periodic background mDNS scan...
[INFO] 2026/06/03 22:18:36 Manual scan requested by user
[INFO] 2026/06/03 22:18:36 Discovery service stopped
[INFO] 2026/06/03 22:18:37 Advertising mDNS service: Name=Nitro, Port=50005, IP=172.26.112.1
[INFO] 2026/06/03 22:18:37 Device discovered/updated: ferrytam-P2P (ferrytam) at 192.168.1.16:50005, status: online
[INFO] 2026/06/03 22:18:52 Performing periodic background mDNS scan...
[INFO] 2026/06/03 22:19:07 Performing periodic background mDNS scan...
[INFO] 2026/06/03 22:19:22 Performing periodic background mDNS scan...
[INFO] 2026/06/03 22:19:37 Performing periodic background mDNS scan...
[INFO] 2026/06/03 22:19:52 Performing periodic background mDNS scan...
[INFO] 2026/06/03 22:20:07 Performing periodic background mDNS scan...
[INFO] 2026/06/03 22:20:22 Performing periodic background mDNS scan...
[INFO] 2026/06/03 22:20:37 Performing periodic background mDNS scan...
[INFO] 2026/06/03 22:20:47 Manual scan requested by user
[INFO] 2026/06/03 22:20:47 Discovery service stopped
[INFO] 2026/06/03 22:20:47 Advertising mDNS service: Name=Nitro, Port=50005, IP=172.26.112.1
[INFO] 2026/06/03 22:20:48 Device discovered/updated: ferrytam-P2P (ferrytam) at 192.168.1.16:50005, status: online
[INFO] 2026/06/03 22:21:03 Performing periodic background mDNS scan...
[INFO] 2026/06/03 22:21:18 Performing periodic background mDNS scan...
[INFO] 2026/06/03 22:21:33 Performing periodic background mDNS scan...
[INFO] 2026/06/03 22:21:48 Performing periodic background mDNS scan...
[INFO] 2026/06/03 22:22:03 Performing periodic background mDNS scan...
[INFO] 2026/06/03 22:22:18 Performing periodic background mDNS scan...
[INFO] 2026/06/03 22:22:33 Performing periodic background mDNS scan...
[INFO] 2026/06/03 22:22:48 Performing periodic background mDNS scan...
[INFO] 2026/06/03 22:22:51 Device timed out: ferrytam-P2P (ferrytam)
[INFO] 2026/06/03 22:23:03 Performing periodic background mDNS scan...
[INFO] 2026/06/03 22:23:18 Performing periodic background mDNS scan...
[INFO] 2026/06/03 22:23:33 Performing periodic background mDNS scan...
[INFO] 2026/06/03 22:23:48 Performing periodic background mDNS scan...
[INFO] 2026/06/03 22:24:03 Performing periodic background mDNS scan...
[INFO] 2026/06/03 22:24:18 Performing periodic background mDNS scan...
[INFO] 2026/06/03 22:24:33 Performing periodic background mDNS scan...
[INFO] 2026/06/03 22:24:48 Performing periodic background mDNS scan...
[INFO] 2026/06/03 22:25:03 Performing periodic background mDNS scan...
[INFO] 2026/06/03 22:25:18 Performing periodic background mDNS scan...
[INFO] 2026/06/03 22:25:29 Received OS signal: interrupt. Shutting down...
[INFO] 2026/06/03 22:25:29 Discovery service stopped
[INFO] 2026/06/03 22:25:29 TCP Receiver stopped
[INFO] 2026/06/03 22:25:39 Starting P2P File Transfer Application...
[INFO] 2026/06/03 22:25:39 TCP Receiver started on :50005
[INFO] 2026/06/03 22:25:39 WebSocket server starting on :8081
[INFO] 2026/06/03 22:25:39 WebSocket client connected
[INFO] 2026/06/03 22:25:39 Advertising mDNS service: Name=Nitro, Port=50005, IP=172.26.112.1
[INFO] 2026/06/03 22:25:40 WebSocket client connected
[INFO] 2026/06/03 22:25:40 Fiber web server starting on http://localhost:8080
[INFO] 2026/06/03 22:25:40 Device discovered/updated: ferrytam-P2P (ferrytam) at 192.168.1.16:50005, status: online
[INFO] 2026/06/03 22:25:41 Opening dashboard in browser...
[INFO] 2026/06/03 22:25:42 WebSocket client connected
[INFO] 2026/06/03 22:25:43 WebSocket client connected
[INFO] 2026/06/03 22:25:55 Performing periodic background mDNS scan...
[INFO] 2026/06/03 22:26:10 Performing periodic background mDNS scan...
[INFO] 2026/06/03 22:26:25 Performing periodic background mDNS scan...
[INFO] 2026/06/03 22:26:40 Performing periodic background mDNS scan...
[INFO] 2026/06/03 22:26:55 Performing periodic background mDNS scan...
[INFO] 2026/06/03 22:27:10 Performing periodic background mDNS scan...
[INFO] 2026/06/03 22:27:25 Performing periodic background mDNS scan...
[INFO] 2026/06/03 22:27:40 Performing periodic background mDNS scan...
[INFO] 2026/06/03 22:27:55 Performing periodic background mDNS scan...
[INFO] 2026/06/03 22:27:58 Device timed out: ferrytam-P2P (ferrytam)
[INFO] 2026/06/03 22:28:10 Performing periodic background mDNS scan...
[INFO] 2026/06/03 22:28:25 Performing periodic background mDNS scan...
[INFO] 2026/06/03 22:28:40 Performing periodic background mDNS scan...
[INFO] 2026/06/03 22:28:55 Performing periodic background mDNS scan...
[INFO] 2026/06/03 22:29:10 Performing periodic background mDNS scan...
[INFO] 2026/06/03 22:29:25 Performing periodic background mDNS scan...
[INFO] 2026/06/03 22:29:40 Performing periodic background mDNS scan...
[INFO] 2026/06/03 22:29:55 Performing periodic background mDNS scan...
[INFO] 2026/06/03 22:30:10 Performing periodic background mDNS scan...
[INFO] 2026/06/03 22:30:25 Performing periodic background mDNS scan...
[INFO] 2026/06/03 22:30:40 Performing periodic background mDNS scan...
[INFO] 2026/06/03 22:30:55 Performing periodic background mDNS scan...
[INFO] 2026/06/03 22:31:10 Performing periodic background mDNS scan...
[INFO] 2026/06/03 22:31:25 Performing periodic background mDNS scan...
[INFO] 2026/06/03 22:31:40 Performing periodic background mDNS scan...
[INFO] 2026/06/03 22:31:55 Performing periodic background mDNS scan...
[INFO] 2026/06/03 22:32:09 Manual scan requested by user
[INFO] 2026/06/03 22:32:09 Discovery service stopped
[INFO] 2026/06/03 22:32:10 Advertising mDNS service: Name=Nitro, Port=50005, IP=172.26.112.1
[INFO] 2026/06/03 22:32:10 Device discovered/updated: ferrytam-P2P (ferrytam) at 192.168.1.16:50005, status: online
[INFO] 2026/06/03 22:32:25 Performing periodic background mDNS scan...
[INFO] 2026/06/03 22:32:40 Performing periodic background mDNS scan...
[INFO] 2026/06/03 22:32:55 Performing periodic background mDNS scan...
[INFO] 2026/06/03 22:33:10 Performing periodic background mDNS scan...
[INFO] 2026/06/03 22:33:25 Performing periodic background mDNS scan...
[INFO] 2026/06/03 22:33:40 Performing periodic background mDNS scan...
[INFO] 2026/06/03 22:33:55 Performing periodic background mDNS scan...
[INFO] 2026/06/03 22:34:10 Performing periodic background mDNS scan...
[INFO] 2026/06/03 22:34:13 Device timed out: ferrytam-P2P (ferrytam)
[INFO] 2026/06/03 22:34:25 Performing periodic background mDNS scan...
[INFO] 2026/06/03 22:34:40 Performing periodic background mDNS scan...
[INFO] 2026/06/03 22:34:55 Performing periodic background mDNS scan...
[INFO] 2026/06/03 22:35:10 Performing periodic background mDNS scan...
[INFO] 2026/06/03 22:35:25 Performing periodic background mDNS scan...
[INFO] 2026/06/03 22:35:40 Performing periodic background mDNS scan...
[INFO] 2026/06/03 22:35:47 Received OS signal: interrupt. Shutting down...
[INFO] 2026/06/03 22:35:47 Discovery service stopped
[INFO] 2026/06/03 22:35:47 TCP Receiver stopped
[INFO] 2026/06/03 22:36:00 Starting P2P File Transfer Application...
[INFO] 2026/06/03 22:36:00 TCP Receiver started on :50005
[INFO] 2026/06/03 22:36:00 WebSocket server starting on :8081
[INFO] 2026/06/03 22:36:00 Advertising mDNS service: Name=Nitro, Port=50005, IP=172.26.112.1
[INFO] 2026/06/03 22:36:00 WebSocket client connected
[INFO] 2026/06/03 22:36:00 WebSocket client connected
[INFO] 2026/06/03 22:36:00 Fiber web server starting on http://localhost:8080
[INFO] 2026/06/03 22:36:00 Device discovered/updated: ferrytam-P2P (ferrytam) at 192.168.1.16:50005, status: online
[INFO] 2026/06/03 22:36:01 WebSocket client connected
[INFO] 2026/06/03 22:36:01 Opening dashboard in browser...
[INFO] 2026/06/03 22:36:03 WebSocket client connected
[INFO] 2026/06/03 22:36:03 WebSocket client connected
[INFO] 2026/06/03 22:36:07 WebSocket client disconnected
[INFO] 2026/06/03 22:36:09 WebSocket client disconnected
[INFO] 2026/06/03 22:36:11 WebSocket client disconnected
[INFO] 2026/06/03 22:36:15 Performing periodic background mDNS scan...
[INFO] 2026/06/03 22:36:30 Performing periodic background mDNS scan...
[INFO] 2026/06/03 22:36:45 Performing periodic background mDNS scan...
[INFO] 2026/06/03 22:37:00 Performing periodic background mDNS scan...
[INFO] 2026/06/03 22:37:15 Performing periodic background mDNS scan...
[INFO] 2026/06/03 22:37:30 Performing periodic background mDNS scan...
[INFO] 2026/06/03 22:37:39 WebSocket client disconnected
[INFO] 2026/06/03 22:37:40 WebSocket client connected
[INFO] 2026/06/03 22:37:45 Performing periodic background mDNS scan...
[INFO] 2026/06/03 22:38:00 Performing periodic background mDNS scan...
[INFO] 2026/06/03 22:38:14 Received OS signal: interrupt. Shutting down...
[INFO] 2026/06/03 22:38:14 Discovery service stopped
[INFO] 2026/06/03 22:38:14 TCP Receiver stopped
[INFO] 2026/06/03 22:38:24 Starting P2P File Transfer Application...
[INFO] 2026/06/03 22:38:24 TCP Receiver started on :50005
[INFO] 2026/06/03 22:38:24 WebSocket server starting on :8081
[INFO] 2026/06/03 22:38:24 Advertising mDNS service: Name=Nitro, Port=50005, IP=172.26.112.1
[INFO] 2026/06/03 22:38:24 WebSocket client connected
[INFO] 2026/06/03 22:38:24 Fiber web server starting on http://localhost:8080
[INFO] 2026/06/03 22:38:24 Device discovered/updated: ferrytam-P2P (ferrytam) at 192.168.1.16:50005, status: online
[INFO] 2026/06/03 22:38:25 WebSocket client connected
[INFO] 2026/06/03 22:38:25 Opening dashboard in browser...
[INFO] 2026/06/03 22:38:27 WebSocket client connected
[INFO] 2026/06/03 22:38:39 Performing periodic background mDNS scan...
[INFO] 2026/06/03 22:38:54 Performing periodic background mDNS scan...
[INFO] 2026/06/03 22:39:09 Performing periodic background mDNS scan...
[INFO] 2026/06/03 22:39:24 WebSocket client disconnected
[INFO] 2026/06/03 22:39:24 WebSocket client connected
[INFO] 2026/06/03 22:39:24 Performing periodic background mDNS scan...
[INFO] 2026/06/03 22:39:27 WebSocket client disconnected
[INFO] 2026/06/03 22:39:28 WebSocket client disconnected
[INFO] 2026/06/03 22:39:33 Received OS signal: interrupt. Shutting down...
[INFO] 2026/06/03 22:39:33 Discovery service stopped
[INFO] 2026/06/03 22:39:33 TCP Receiver stopped
[INFO] 2026/06/03 22:47:24 Starting P2P File Transfer Application...
[INFO] 2026/06/03 22:47:24 TCP Receiver started on :50005
[INFO] 2026/06/03 22:47:24 WebSocket server starting on :8081
[INFO] 2026/06/03 22:47:24 Advertising mDNS service: Name=Nitro, Port=50005, IP=172.26.112.1
[INFO] 2026/06/03 22:47:25 Fiber web server starting on http://localhost:8080
[INFO] 2026/06/03 22:47:25 Device discovered/updated: ferrytam-P2P (ferrytam) at 192.168.1.16:50005, status: online
[INFO] 2026/06/03 22:47:26 Opening dashboard in browser...
[INFO] 2026/06/03 22:47:27 WebSocket client connected
[INFO] 2026/06/03 22:47:28 WebSocket client connected
[INFO] 2026/06/03 22:47:40 WebSocket client disconnected
[INFO] 2026/06/03 22:47:40 Performing periodic background mDNS scan...
[INFO] 2026/06/03 22:47:40 WebSocket client connected
[INFO] 2026/06/03 22:47:55 Performing periodic background mDNS scan...
[INFO] 2026/06/03 22:48:05 WebSocket client disconnected
[INFO] 2026/06/03 22:48:05 WebSocket client connected
[INFO] 2026/06/03 22:48:10 Performing periodic background mDNS scan...
[INFO] 2026/06/03 22:48:10 WebSocket client disconnected
[INFO] 2026/06/03 22:48:25 Performing periodic background mDNS scan...
[INFO] 2026/06/03 22:48:40 Performing periodic background mDNS scan...
[INFO] 2026/06/03 22:48:46 WebSocket client connected
[INFO] 2026/06/03 22:48:52 WebSocket client disconnected
[INFO] 2026/06/03 22:48:52 WebSocket client connected
[INFO] 2026/06/03 22:48:55 Performing periodic background mDNS scan...
[INFO] 2026/06/03 22:49:09 Received OS signal: interrupt. Shutting down...
[INFO] 2026/06/03 22:49:10 Discovery service stopped
[INFO] 2026/06/03 22:49:10 TCP Receiver stopped
[INFO] 2026/06/03 22:49:18 Starting P2P File Transfer Application...
[INFO] 2026/06/03 22:49:18 TCP Receiver started on :50005
[INFO] 2026/06/03 22:49:18 WebSocket server starting on :8081
[INFO] 2026/06/03 22:49:18 Advertising mDNS service: Name=Nitro, Port=50005, IP=172.26.112.1
[INFO] 2026/06/03 22:49:18 WebSocket client connected
[INFO] 2026/06/03 22:49:19 WebSocket client disconnected
[INFO] 2026/06/03 22:49:19 Fiber web server starting on http://localhost:8080
[INFO] 2026/06/03 22:49:19 Device discovered/updated: ferrytam-P2P (ferrytam) at 192.168.1.16:50005, status: online
[INFO] 2026/06/03 22:49:20 Opening dashboard in browser...
[INFO] 2026/06/03 22:49:21 WebSocket client connected
[INFO] 2026/06/03 22:49:21 WebSocket client connected
[INFO] 2026/06/03 22:49:34 Performing periodic background mDNS scan...
[INFO] 2026/06/03 22:49:49 Performing periodic background mDNS scan...
[INFO] 2026/06/03 22:50:04 Performing periodic background mDNS scan...
[INFO] 2026/06/03 22:50:19 Performing periodic background mDNS scan...
[INFO] 2026/06/03 22:50:34 Performing periodic background mDNS scan...
[INFO] 2026/06/03 22:50:49 Performing periodic background mDNS scan...
[INFO] 2026/06/03 22:51:04 Performing periodic background mDNS scan...
[INFO] 2026/06/03 22:51:19 Performing periodic background mDNS scan...
[INFO] 2026/06/03 22:51:34 Performing periodic background mDNS scan...
[INFO] 2026/06/03 22:51:37 Device timed out: ferrytam-P2P (ferrytam)
[INFO] 2026/06/03 22:51:49 Performing periodic background mDNS scan...
[INFO] 2026/06/03 22:52:04 Performing periodic background mDNS scan...
[INFO] 2026/06/03 22:52:10 Received OS signal: interrupt. Shutting down...
[INFO] 2026/06/03 22:52:10 Discovery service stopped
[INFO] 2026/06/03 22:52:10 TCP Receiver stopped
[INFO] 2026/06/03 22:52:55 Starting P2P File Transfer Application...
[INFO] 2026/06/03 22:52:55 TCP Receiver started on :50005
[INFO] 2026/06/03 22:52:55 WebSocket server starting on :8081
[INFO] 2026/06/03 22:52:55 Advertising mDNS service: Name=Nitro, Port=50005, IP=172.26.112.1
[INFO] 2026/06/03 22:52:55 Fiber web server starting on http://localhost:8080
[INFO] 2026/06/03 22:52:55 Device discovered/updated: ferrytam-P2P (ferrytam) at 192.168.1.16:50005, status: online
[INFO] 2026/06/03 22:52:56 Opening dashboard in browser...
[INFO] 2026/06/03 22:52:57 WebSocket client connected
[INFO] 2026/06/03 22:52:57 WebSocket client connected
[INFO] 2026/06/03 22:52:57 WebSocket client connected
[INFO] 2026/06/03 22:53:10 Performing periodic background mDNS scan...
[INFO] 2026/06/03 22:53:25 Performing periodic background mDNS scan...
[INFO] 2026/06/03 22:53:40 Performing periodic background mDNS scan...
[INFO] 2026/06/03 22:53:55 Performing periodic background mDNS scan...
[INFO] 2026/06/03 22:54:10 Performing periodic background mDNS scan...
[INFO] 2026/06/03 22:54:25 Performing periodic background mDNS scan...
[INFO] 2026/06/03 22:54:40 Performing periodic background mDNS scan...
[INFO] 2026/06/03 22:54:55 Performing periodic background mDNS scan...
[INFO] 2026/06/03 22:55:08 Received OS signal: interrupt. Shutting down...
[INFO] 2026/06/03 22:55:08 Discovery service stopped
[INFO] 2026/06/03 22:55:08 TCP Receiver stopped
[INFO] 2026/06/03 22:55:51 Starting P2P File Transfer Application...
[INFO] 2026/06/03 22:55:51 TCP Receiver started on :50005
[INFO] 2026/06/03 22:55:51 WebSocket server starting on :8081
[INFO] 2026/06/03 22:55:51 Advertising mDNS service: Name=Nitro, Port=50005, IP=172.26.112.1
[INFO] 2026/06/03 22:55:51 WebSocket client connected
[INFO] 2026/06/03 22:55:52 WebSocket client connected
[INFO] 2026/06/03 22:55:52 Fiber web server starting on http://localhost:8080
[INFO] 2026/06/03 22:55:52 Device discovered/updated: ferrytam-P2P (ferrytam) at 192.168.1.16:50005, status: online
[INFO] 2026/06/03 22:55:53 Opening dashboard in browser...
[INFO] 2026/06/03 22:55:54 WebSocket client connected
[INFO] 2026/06/03 22:55:55 WebSocket client connected
[INFO] 2026/06/03 22:56:07 Performing periodic background mDNS scan...
[INFO] 2026/06/03 22:56:22 Performing periodic background mDNS scan...
[INFO] 2026/06/03 22:56:37 Performing periodic background mDNS scan...
[INFO] 2026/06/03 22:56:52 Performing periodic background mDNS scan...
[INFO] 2026/06/03 22:57:07 Performing periodic background mDNS scan...
[INFO] 2026/06/03 22:57:22 Performing periodic background mDNS scan...
[INFO] 2026/06/03 22:57:37 Performing periodic background mDNS scan...
[INFO] 2026/06/03 22:57:52 Performing periodic background mDNS scan...
[INFO] 2026/06/03 22:58:00 Received OS signal: interrupt. Shutting down...
[INFO] 2026/06/03 22:58:00 Discovery service stopped
[INFO] 2026/06/03 22:58:00 TCP Receiver stopped
[INFO] 2026/06/03 22:58:13 Starting P2P File Transfer Application...
[INFO] 2026/06/03 22:58:13 TCP Receiver started on :50005
[INFO] 2026/06/03 22:58:13 WebSocket server starting on :8081
[INFO] 2026/06/03 22:58:13 Advertising mDNS service: Name=Nitro, Port=50005, IP=172.26.112.1
[INFO] 2026/06/03 22:58:13 WebSocket client connected
[INFO] 2026/06/03 22:58:13 WebSocket client connected
[INFO] 2026/06/03 22:58:13 Fiber web server starting on http://localhost:8080
[INFO] 2026/06/03 22:58:13 Device discovered/updated: ferrytam-P2P (ferrytam) at 192.168.1.16:50005, status: online
[INFO] 2026/06/03 22:58:13 WebSocket client disconnected
[INFO] 2026/06/03 22:58:14 WebSocket client connected
[INFO] 2026/06/03 22:58:14 Opening dashboard in browser...
[INFO] 2026/06/03 22:58:15 WebSocket client connected
[INFO] 2026/06/03 22:58:15 WebSocket client connected
[INFO] 2026/06/03 22:58:16 WebSocket client connected
[INFO] 2026/06/03 22:58:28 Performing periodic background mDNS scan...
[INFO] 2026/06/03 22:58:43 Performing periodic background mDNS scan...
[INFO] 2026/06/03 22:58:58 Performing periodic background mDNS scan...
[INFO] 2026/06/03 22:59:13 Performing periodic background mDNS scan...
[INFO] 2026/06/03 22:59:28 Performing periodic background mDNS scan...
[INFO] 2026/06/03 22:59:43 Performing periodic background mDNS scan...
[INFO] 2026/06/03 22:59:58 Performing periodic background mDNS scan...
[INFO] 2026/06/03 23:00:13 Performing periodic background mDNS scan...
[INFO] 2026/06/03 23:00:28 Performing periodic background mDNS scan...
[INFO] 2026/06/03 23:00:31 Device timed out: ferrytam-P2P (ferrytam)
[INFO] 2026/06/03 23:00:43 Performing periodic background mDNS scan...
[INFO] 2026/06/03 23:00:58 Performing periodic background mDNS scan...
[INFO] 2026/06/03 23:01:13 Performing periodic background mDNS scan...
[INFO] 2026/06/03 23:01:14 Received OS signal: interrupt. Shutting down...
[INFO] 2026/06/03 23:01:14 Discovery service stopped
[INFO] 2026/06/03 23:01:14 TCP Receiver stopped
[INFO] 2026/06/03 23:02:15 Starting P2P File Transfer Application...
[INFO] 2026/06/03 23:02:15 TCP Receiver started on :50005
[INFO] 2026/06/03 23:02:15 WebSocket server starting on :8081
[INFO] 2026/06/03 23:02:15 Advertising mDNS service: Name=Nitro, Port=50005, IP=172.26.112.1
[INFO] 2026/06/03 23:02:15 WebSocket client connected
[INFO] 2026/06/03 23:02:15 Fiber web server starting on http://localhost:8080
[INFO] 2026/06/03 23:02:15 Device discovered/updated: ferrytam-P2P (ferrytam) at 192.168.1.16:50005, status: online
[INFO] 2026/06/03 23:02:16 Opening dashboard in browser...
[INFO] 2026/06/03 23:02:18 WebSocket client connected
[INFO] 2026/06/03 23:02:30 Performing periodic background mDNS scan...
[INFO] 2026/06/03 23:02:45 Performing periodic background mDNS scan...
[INFO] 2026/06/03 23:03:00 Performing periodic background mDNS scan...
[INFO] 2026/06/03 23:03:15 Performing periodic background mDNS scan...
[INFO] 2026/06/03 23:03:30 Performing periodic background mDNS scan...
[INFO] 2026/06/03 23:03:45 Performing periodic background mDNS scan...
[INFO] 2026/06/03 23:04:00 Performing periodic background mDNS scan...
[INFO] 2026/06/03 23:04:15 Performing periodic background mDNS scan...
[INFO] 2026/06/03 23:04:30 Performing periodic background mDNS scan...
[INFO] 2026/06/03 23:04:33 Device timed out: ferrytam-P2P (ferrytam)
[INFO] 2026/06/03 23:04:45 Performing periodic background mDNS scan...
[INFO] 2026/06/03 23:05:00 Performing periodic background mDNS scan...
[INFO] 2026/06/03 23:05:07 Received OS signal: interrupt. Shutting down...
[INFO] 2026/06/03 23:05:07 Discovery service stopped
[INFO] 2026/06/03 23:05:07 TCP Receiver stopped
[INFO] 2026/06/03 23:05:17 Starting P2P File Transfer Application...
[INFO] 2026/06/03 23:05:17 TCP Receiver started on :50005
[INFO] 2026/06/03 23:05:17 WebSocket server starting on :8081
[INFO] 2026/06/03 23:05:17 WebSocket client connected
[INFO] 2026/06/03 23:05:17 Advertising mDNS service: Name=Nitro, Port=50005, IP=172.26.112.1
[INFO] 2026/06/03 23:05:18 WebSocket client connected
[INFO] 2026/06/03 23:05:18 Fiber web server starting on http://localhost:8080
[INFO] 2026/06/03 23:05:18 Device discovered/updated: ferrytam-P2P (ferrytam) at 192.168.1.16:50005, status: online
[INFO] 2026/06/03 23:05:19 Opening dashboard in browser...
[INFO] 2026/06/03 23:05:21 WebSocket client connected
[INFO] 2026/06/03 23:05:25 WebSocket client disconnected
[INFO] 2026/06/03 23:05:33 Performing periodic background mDNS scan...
[INFO] 2026/06/03 23:05:47 Received OS signal: interrupt. Shutting down...
[INFO] 2026/06/03 23:05:47 Discovery service stopped
[INFO] 2026/06/03 23:05:47 TCP Receiver stopped
[INFO] 2026/06/03 23:42:52 Starting P2P File Transfer Application...
[INFO] 2026/06/03 23:42:52 TCP Receiver started on :50005
[INFO] 2026/06/03 23:42:52 WebSocket server starting on :8081
[INFO] 2026/06/03 23:42:52 Advertising mDNS service: Name=Nitro, Port=50005, IP=172.26.112.1
[INFO] 2026/06/03 23:42:52 Fiber web server starting on http://localhost:8080
[INFO] 2026/06/03 23:42:53 Opening dashboard in browser...
[INFO] 2026/06/03 23:42:54 WebSocket client connected
[INFO] 2026/06/03 23:43:00 Manual scan requested by user
[INFO] 2026/06/03 23:43:00 Discovery service stopped
[INFO] 2026/06/03 23:43:00 Advertising mDNS service: Name=Nitro, Port=50005, IP=172.26.112.1
[INFO] 2026/06/03 23:43:16 Performing periodic background mDNS scan...
[INFO] 2026/06/03 23:43:31 Performing periodic background mDNS scan...
[INFO] 2026/06/03 23:43:46 Performing periodic background mDNS scan...
[INFO] 2026/06/03 23:44:01 Performing periodic background mDNS scan...
[INFO] 2026/06/03 23:44:16 Performing periodic background mDNS scan...
[INFO] 2026/06/03 23:44:31 Performing periodic background mDNS scan...
[INFO] 2026/06/03 23:44:46 Performing periodic background mDNS scan...
[INFO] 2026/06/03 23:45:01 Performing periodic background mDNS scan...
[INFO] 2026/06/03 23:45:16 Performing periodic background mDNS scan...
[INFO] 2026/06/03 23:45:31 Performing periodic background mDNS scan...
[INFO] 2026/06/03 23:45:46 Performing periodic background mDNS scan...
[INFO] 2026/06/03 23:46:01 Performing periodic background mDNS scan...
[INFO] 2026/06/03 23:46:16 Performing periodic background mDNS scan...
[INFO] 2026/06/03 23:46:31 Performing periodic background mDNS scan...
[INFO] 2026/06/03 23:46:46 Performing periodic background mDNS scan...
[INFO] 2026/06/03 23:47:01 Performing periodic background mDNS scan...
[INFO] 2026/06/03 23:47:16 Performing periodic background mDNS scan...
[INFO] 2026/06/03 23:47:31 Performing periodic background mDNS scan...
[INFO] 2026/06/03 23:47:46 Performing periodic background mDNS scan...
[INFO] 2026/06/03 23:48:01 Performing periodic background mDNS scan...
[INFO] 2026/06/03 23:48:16 Performing periodic background mDNS scan...
[INFO] 2026/06/03 23:48:31 Performing periodic background mDNS scan...
[INFO] 2026/06/03 23:48:46 Performing periodic background mDNS scan...
[INFO] 2026/06/03 23:49:01 Performing periodic background mDNS scan...
[INFO] 2026/06/03 23:49:16 Performing periodic background mDNS scan...
[INFO] 2026/06/03 23:49:31 Performing periodic background mDNS scan...
[INFO] 2026/06/03 23:49:46 Performing periodic background mDNS scan...
[INFO] 2026/06/03 23:50:01 Performing periodic background mDNS scan...
[INFO] 2026/06/03 23:50:11 Received OS signal: interrupt. Shutting down...
[INFO] 2026/06/03 23:50:11 Discovery service stopped
[INFO] 2026/06/03 23:50:11 TCP Receiver stopped
[INFO] 2026/06/03 23:50:33 Starting P2P File Transfer Application...
[INFO] 2026/06/03 23:50:33 TCP Receiver started on :50005
[INFO] 2026/06/03 23:50:33 WebSocket server starting on :8081
[INFO] 2026/06/03 23:50:33 Advertising mDNS service: Name=Nitro, Port=50005, IP=192.168.56.1
[INFO] 2026/06/03 23:50:33 WebSocket client connected
[INFO] 2026/06/03 23:50:33 Fiber web server starting on http://localhost:8080
[INFO] 2026/06/03 23:50:34 Opening dashboard in browser...
[INFO] 2026/06/03 23:50:35 WebSocket client connected
[INFO] 2026/06/03 23:50:39 Manual scan requested by user
[INFO] 2026/06/03 23:50:39 Discovery service stopped
[INFO] 2026/06/03 23:50:39 Advertising mDNS service: Name=Nitro, Port=50005, IP=192.168.56.1
[INFO] 2026/06/03 23:50:55 Performing periodic background mDNS scan...
[INFO] 2026/06/03 23:51:10 Performing periodic background mDNS scan...
[INFO] 2026/06/03 23:51:25 Performing periodic background mDNS scan...
[INFO] 2026/06/03 23:51:40 Performing periodic background mDNS scan...
[INFO] 2026/06/03 23:51:55 Performing periodic background mDNS scan...
[INFO] 2026/06/03 23:52:10 Performing periodic background mDNS scan...
[INFO] 2026/06/03 23:52:25 Performing periodic background mDNS scan...
[INFO] 2026/06/03 23:52:40 Performing periodic background mDNS scan...
[INFO] 2026/06/03 23:52:55 Performing periodic background mDNS scan...
[INFO] 2026/06/03 23:53:10 Performing periodic background mDNS scan...
[INFO] 2026/06/03 23:53:25 Performing periodic background mDNS scan...
[INFO] 2026/06/03 23:53:40 Performing periodic background mDNS scan...
[INFO] 2026/06/03 23:53:55 Performing periodic background mDNS scan...
[INFO] 2026/06/03 23:54:10 Performing periodic background mDNS scan...
[INFO] 2026/06/03 23:54:25 Performing periodic background mDNS scan...
[INFO] 2026/06/03 23:54:40 Performing periodic background mDNS scan...
[INFO] 2026/06/03 23:54:55 Performing periodic background mDNS scan...
[INFO] 2026/06/03 23:55:10 Performing periodic background mDNS scan...
[INFO] 2026/06/03 23:55:25 Performing periodic background mDNS scan...
[INFO] 2026/06/03 23:55:40 Performing periodic background mDNS scan...
[INFO] 2026/06/03 23:55:55 Performing periodic background mDNS scan...
[INFO] 2026/06/03 23:56:10 Performing periodic background mDNS scan...
[INFO] 2026/06/03 23:56:25 Performing periodic background mDNS scan...
[INFO] 2026/06/03 23:56:40 Performing periodic background mDNS scan...
[INFO] 2026/06/03 23:56:55 Performing periodic background mDNS scan...
[INFO] 2026/06/03 23:57:10 Performing periodic background mDNS scan...
[INFO] 2026/06/03 23:57:25 Performing periodic background mDNS scan...
[INFO] 2026/06/03 23:57:40 Performing periodic background mDNS scan...
[INFO] 2026/06/03 23:57:55 Performing periodic background mDNS scan...
[INFO] 2026/06/03 23:58:10 Performing periodic background mDNS scan...
[INFO] 2026/06/03 23:58:25 Performing periodic background mDNS scan...
[INFO] 2026/06/03 23:58:40 Performing periodic background mDNS scan...
[INFO] 2026/06/03 23:58:55 Performing periodic background mDNS scan...
[INFO] 2026/06/03 23:59:10 Performing periodic background mDNS scan...
[INFO] 2026/06/03 23:59:25 Performing periodic background mDNS scan...
[INFO] 2026/06/03 23:59:40 Performing periodic background mDNS scan...
[INFO] 2026/06/03 23:59:45 Received OS signal: interrupt. Shutting down...
[INFO] 2026/06/03 23:59:45 Discovery service stopped
[INFO] 2026/06/03 23:59:45 TCP Receiver stopped
[INFO] 2026/06/04 00:00:00 Starting P2P File Transfer Application...
[INFO] 2026/06/04 00:00:00 TCP Receiver started on :50005
[INFO] 2026/06/04 00:00:00 WebSocket server starting on :8081
[INFO] 2026/06/04 00:00:00 Advertising mDNS service: Name=Nitro, Port=50005, IP=192.168.1.13
[INFO] 2026/06/04 00:00:00 Fiber web server starting on http://localhost:8080
[INFO] 2026/06/04 00:00:00 Device discovered/updated: ferrytam-P2P (ferrytam) at 192.168.1.16:50005, status: online
[INFO] 2026/06/04 00:00:01 Opening dashboard in browser...
[INFO] 2026/06/04 00:00:03 WebSocket client connected
[INFO] 2026/06/04 00:00:15 Performing periodic background mDNS scan...
[INFO] 2026/06/04 00:00:30 Performing periodic background mDNS scan...
[INFO] 2026/06/04 00:00:45 Performing periodic background mDNS scan...
[INFO] 2026/06/04 00:01:00 Performing periodic background mDNS scan...
[INFO] 2026/06/04 00:01:15 Performing periodic background mDNS scan...
[INFO] 2026/06/04 00:01:30 Performing periodic background mDNS scan...
[INFO] 2026/06/04 00:01:45 Performing periodic background mDNS scan...
[INFO] 2026/06/04 00:02:00 Performing periodic background mDNS scan...
[INFO] 2026/06/04 00:02:15 Performing periodic background mDNS scan...
[INFO] 2026/06/04 00:02:18 Received OS signal: interrupt. Shutting down...
[INFO] 2026/06/04 00:02:18 Discovery service stopped
[INFO] 2026/06/04 00:02:18 TCP Receiver stopped
[INFO] 2026/06/04 00:05:35 Starting P2P File Transfer Application...
[INFO] 2026/06/04 00:05:35 TCP Receiver started on :50005
[INFO] 2026/06/04 00:05:35 WebSocket server starting on :8081
[INFO] 2026/06/04 00:05:35 Advertising mDNS service: Name=Nitro, Port=50005, IP=192.168.1.13
[INFO] 2026/06/04 00:05:36 Fiber web server starting on http://localhost:8080
[INFO] 2026/06/04 00:05:36 Device discovered/updated: ferrytam-P2P (ferrytam) at 192.168.1.16:50005, status: online
[INFO] 2026/06/04 00:05:37 Opening dashboard in browser...
[INFO] 2026/06/04 00:05:38 WebSocket client connected
[INFO] 2026/06/04 00:05:51 Performing periodic background mDNS scan...
[INFO] 2026/06/04 00:06:06 Performing periodic background mDNS scan...
[INFO] 2026/06/04 00:06:16 Received OS signal: interrupt. Shutting down...
[INFO] 2026/06/04 00:06:16 Discovery service stopped
[INFO] 2026/06/04 00:06:16 TCP Receiver stopped
[INFO] 2026/06/04 00:06:22 Starting P2P File Transfer Application...
[INFO] 2026/06/04 00:06:22 TCP Receiver started on :50005
[INFO] 2026/06/04 00:06:22 WebSocket server starting on :8081
[INFO] 2026/06/04 00:06:22 Advertising mDNS service: Name=Nitro, Port=50005, IP=192.168.1.13
[INFO] 2026/06/04 00:06:23 Fiber web server starting on http://localhost:8080
[INFO] 2026/06/04 00:06:23 Device discovered/updated: ferrytam-P2P (ferrytam) at 192.168.1.16:50005, status: online
[INFO] 2026/06/04 00:06:24 Opening dashboard in browser...
[INFO] 2026/06/04 00:06:25 WebSocket client connected
[INFO] 2026/06/04 00:06:25 WebSocket client connected
[INFO] 2026/06/04 00:06:38 Performing periodic background mDNS scan...
[INFO] 2026/06/04 00:06:53 Performing periodic background mDNS scan...
[INFO] 2026/06/04 00:07:08 Performing periodic background mDNS scan...
[INFO] 2026/06/04 00:07:23 Performing periodic background mDNS scan...
[INFO] 2026/06/04 00:07:38 Performing periodic background mDNS scan...
[INFO] 2026/06/04 00:07:53 Performing periodic background mDNS scan...
[INFO] 2026/06/04 00:08:08 Performing periodic background mDNS scan...
[INFO] 2026/06/04 00:08:13 WebSocket client connected
[INFO] 2026/06/04 00:08:23 Performing periodic background mDNS scan...
[INFO] 2026/06/04 00:08:28 WebSocket client connected
[INFO] 2026/06/04 00:08:38 Performing periodic background mDNS scan...
[INFO] 2026/06/04 00:08:41 Device timed out: ferrytam-P2P (ferrytam)
[INFO] 2026/06/04 00:08:41 WebSocket client connected
[INFO] 2026/06/04 00:08:43 Manual scan requested by user
[INFO] 2026/06/04 00:08:43 Discovery service stopped
[INFO] 2026/06/04 00:08:43 Advertising mDNS service: Name=Nitro, Port=50005, IP=192.168.1.13
[INFO] 2026/06/04 00:08:49 Manual scan requested by user
[INFO] 2026/06/04 00:08:49 Discovery service stopped
[INFO] 2026/06/04 00:08:50 Advertising mDNS service: Name=Nitro, Port=50005, IP=192.168.1.13
[INFO] 2026/06/04 00:08:55 WebSocket client disconnected
[INFO] 2026/06/04 00:08:56 WebSocket client disconnected
[INFO] 2026/06/04 00:08:57 WebSocket client disconnected
[INFO] 2026/06/04 00:08:58 WebSocket client disconnected
[INFO] 2026/06/04 00:09:05 Performing periodic background mDNS scan...
[INFO] 2026/06/04 00:09:08 WebSocket client connected
[INFO] 2026/06/04 00:09:10 Manual scan requested by user
[INFO] 2026/06/04 00:09:10 Discovery service stopped
[INFO] 2026/06/04 00:09:11 Advertising mDNS service: Name=Nitro, Port=50005, IP=192.168.1.13
[INFO] 2026/06/04 00:09:15 WebSocket client disconnected
[INFO] 2026/06/04 00:09:17 WebSocket client disconnected
[INFO] 2026/06/04 00:09:27 Performing periodic background mDNS scan...
[INFO] 2026/06/04 00:09:42 Performing periodic background mDNS scan...
[INFO] 2026/06/04 00:09:57 Performing periodic background mDNS scan...
[INFO] 2026/06/04 00:10:12 Performing periodic background mDNS scan...
[INFO] 2026/06/04 00:10:12 Received OS signal: interrupt. Shutting down...
[INFO] 2026/06/04 00:10:12 Discovery service stopped
[INFO] 2026/06/04 00:10:12 TCP Receiver stopped
[INFO] 2026/06/04 00:10:21 Starting P2P File Transfer Application...
[INFO] 2026/06/04 00:10:21 TCP Receiver started on :50005
[INFO] 2026/06/04 00:10:21 WebSocket server starting on :8081
[INFO] 2026/06/04 00:10:21 Advertising mDNS service: Name=Nitro, Port=50005, IP=192.168.1.13
[INFO] 2026/06/04 00:10:21 Fiber web server starting on http://localhost:8080
[INFO] 2026/06/04 00:10:22 Opening dashboard in browser...
[INFO] 2026/06/04 00:10:24 WebSocket client connected
[INFO] 2026/06/04 00:10:32 Manual scan requested by user
[INFO] 2026/06/04 00:10:32 Discovery service stopped
[INFO] 2026/06/04 00:10:33 Advertising mDNS service: Name=Nitro, Port=50005, IP=192.168.1.13
[INFO] 2026/06/04 00:10:44 WebSocket client disconnected
[INFO] 2026/06/04 00:10:44 WebSocket client connected
[INFO] 2026/06/04 00:10:46 Manual scan requested by user
[INFO] 2026/06/04 00:10:46 Discovery service stopped
[INFO] 2026/06/04 00:10:47 Advertising mDNS service: Name=Nitro, Port=50005, IP=192.168.1.13
[INFO] 2026/06/04 00:11:02 Performing periodic background mDNS scan...
[INFO] 2026/06/04 00:11:17 Performing periodic background mDNS scan...
[INFO] 2026/06/04 00:11:32 Performing periodic background mDNS scan...
[INFO] 2026/06/04 00:11:47 Performing periodic background mDNS scan...
[INFO] 2026/06/04 00:11:50 Manual scan requested by user
[INFO] 2026/06/04 00:11:50 Discovery service stopped
[INFO] 2026/06/04 00:11:51 Advertising mDNS service: Name=Nitro, Port=50005, IP=192.168.1.13
[INFO] 2026/06/04 00:12:02 Device discovered/updated: ferrytam-P2P (ferrytam) at 192.168.1.16:50005, status: online
[INFO] 2026/06/04 00:12:06 Performing periodic background mDNS scan...
[INFO] 2026/06/04 00:12:21 Performing periodic background mDNS scan...
[INFO] 2026/06/04 00:12:36 Performing periodic background mDNS scan...
[INFO] 2026/06/04 00:12:51 Performing periodic background mDNS scan...
[INFO] 2026/06/04 00:13:06 Performing periodic background mDNS scan...
[INFO] 2026/06/04 00:13:21 Performing periodic background mDNS scan...
[INFO] 2026/06/04 00:13:28 WebSocket client disconnected
[INFO] 2026/06/04 00:13:36 Performing periodic background mDNS scan...
[INFO] 2026/06/04 00:13:51 Performing periodic background mDNS scan...
[INFO] 2026/06/04 00:14:06 Performing periodic background mDNS scan...
[INFO] 2026/06/04 00:14:06 Device timed out: ferrytam-P2P (ferrytam)
[INFO] 2026/06/04 00:14:21 Performing periodic background mDNS scan...
[INFO] 2026/06/04 00:14:24 Received OS signal: interrupt. Shutting down...
[INFO] 2026/06/04 00:14:24 Discovery service stopped
[INFO] 2026/06/04 00:14:24 TCP Receiver stopped
[INFO] 2026/06/04 00:14:32 Starting P2P File Transfer Application...
[INFO] 2026/06/04 00:14:32 TCP Receiver started on :50005
[INFO] 2026/06/04 00:14:32 WebSocket server starting on :8081
[INFO] 2026/06/04 00:14:32 Advertising mDNS service: Name=Nitro, Port=50005, IP=192.168.1.13
[INFO] 2026/06/04 00:14:32 Fiber web server starting on http://localhost:8080
[INFO] 2026/06/04 00:14:33 Opening dashboard in browser...
[INFO] 2026/06/04 00:14:35 WebSocket client connected
[INFO] 2026/06/04 00:14:43 Manual scan requested by user
[INFO] 2026/06/04 00:14:43 Discovery service stopped
[INFO] 2026/06/04 00:14:44 Advertising mDNS service: Name=Nitro, Port=50005, IP=192.168.1.13
[INFO] 2026/06/04 00:14:55 Manual scan requested by user
[INFO] 2026/06/04 00:14:55 Discovery service stopped
[INFO] 2026/06/04 00:14:55 Advertising mDNS service: Name=Nitro, Port=50005, IP=192.168.1.13
[INFO] 2026/06/04 00:15:06 Device discovered/updated: ferrytam-P2P (ferrytam) at 192.168.1.16:50005, status: online
[INFO] 2026/06/04 00:15:11 Performing periodic background mDNS scan...
[INFO] 2026/06/04 00:15:26 Performing periodic background mDNS scan...
[INFO] 2026/06/04 00:15:34 Received OS signal: interrupt. Shutting down...
[INFO] 2026/06/04 00:15:34 Discovery service stopped
[INFO] 2026/06/04 00:15:34 TCP Receiver stopped
[INFO] 2026/06/04 00:17:08 Starting P2P File Transfer Application...
[INFO] 2026/06/04 00:17:08 TCP Receiver started on :50005
[INFO] 2026/06/04 00:17:08 WebSocket server starting on :8081
[INFO] 2026/06/04 00:17:08 Advertising mDNS service: Name=Nitro, Port=50005, IP=192.168.1.13
[INFO] 2026/06/04 00:17:08 Fiber web server starting on http://localhost:8080
[INFO] 2026/06/04 00:17:09 Opening dashboard in browser...
[INFO] 2026/06/04 00:17:10 WebSocket client connected
[INFO] 2026/06/04 00:17:15 Manual scan requested by user
[INFO] 2026/06/04 00:17:15 Discovery service stopped
[INFO] 2026/06/04 00:17:15 Advertising mDNS service: Name=Nitro, Port=50005, IP=192.168.1.13
[INFO] 2026/06/04 00:17:18 Device discovered/updated: ferrytam-P2P (ferrytam) at 192.168.1.16:50005, status: online
[INFO] 2026/06/04 00:17:22 Manual scan requested by user
[INFO] 2026/06/04 00:17:22 Discovery service stopped
[INFO] 2026/06/04 00:17:22 Advertising mDNS service: Name=Nitro, Port=50005, IP=192.168.1.13
[INFO] 2026/06/04 00:17:23 Device discovered/updated: ferrytam-P2P (ferrytam) at 192.168.1.16:50005, status: online
[INFO] 2026/06/04 00:17:38 Performing periodic background mDNS scan...
[INFO] 2026/06/04 00:17:53 Performing periodic background mDNS scan...
[INFO] 2026/06/04 00:17:55 Received OS signal: interrupt. Shutting down...
[INFO] 2026/06/04 00:17:55 Discovery service stopped
[INFO] 2026/06/04 00:17:55 TCP Receiver stopped
[INFO] 2026/06/04 00:18:01 Starting P2P File Transfer Application...
[INFO] 2026/06/04 00:18:01 TCP Receiver started on :50005
[INFO] 2026/06/04 00:18:01 WebSocket server starting on :8081
[INFO] 2026/06/04 00:18:01 Advertising mDNS service: Name=Nitro, Port=50005, IP=192.168.1.13
[INFO] 2026/06/04 00:18:02 Fiber web server starting on http://localhost:8080
[INFO] 2026/06/04 00:18:03 Opening dashboard in browser...
[INFO] 2026/06/04 00:18:03 WebSocket client connected
[INFO] 2026/06/04 00:18:04 WebSocket client connected
[INFO] 2026/06/04 00:18:17 Performing periodic background mDNS scan...
[INFO] 2026/06/04 00:18:32 Performing periodic background mDNS scan...
[INFO] 2026/06/04 00:18:47 Performing periodic background mDNS scan...
[INFO] 2026/06/04 00:19:02 Performing periodic background mDNS scan...
[INFO] 2026/06/04 00:19:17 Performing periodic background mDNS scan...
[INFO] 2026/06/04 00:19:32 Performing periodic background mDNS scan...
[INFO] 2026/06/04 00:19:47 Performing periodic background mDNS scan...
[INFO] 2026/06/04 00:19:57 Received OS signal: interrupt. Shutting down...
[INFO] 2026/06/04 00:19:57 Discovery service stopped
[INFO] 2026/06/04 00:19:57 TCP Receiver stopped
[INFO] 2026/06/04 00:21:14 Starting P2P File Transfer Application...
[INFO] 2026/06/04 00:21:14 TCP Receiver started on :50005
[INFO] 2026/06/04 00:21:15 WebSocket server starting on :8081
[INFO] 2026/06/04 00:21:15 Advertising mDNS service: Name=Nitro, Port=50005, IP=192.168.1.13
[INFO] 2026/06/04 00:21:15 Fiber web server starting on http://localhost:8080
[INFO] 2026/06/04 00:21:16 Opening dashboard in browser...
[INFO] 2026/06/04 00:21:17 WebSocket client connected
[INFO] 2026/06/04 00:21:26 Manual scan requested by user
[INFO] 2026/06/04 00:21:26 Discovery service stopped
[INFO] 2026/06/04 00:21:26 Advertising mDNS service: Name=Nitro, Port=50005, IP=192.168.1.13
[INFO] 2026/06/04 00:21:31 Device discovered/updated: ferrytam-P2P (ferrytam) at 192.168.1.16:50005, status: online
[INFO] 2026/06/04 00:21:42 Performing periodic background mDNS scan...
[INFO] 2026/06/04 00:21:51 Starting transfer sender da4b065a-cb99-41b6-89ba-878c97267ebf to ferrytam-P2P (192.168.1.16)
[INFO] 2026/06/04 00:21:57 Performing periodic background mDNS scan...
[INFO] 2026/06/04 00:22:12 Performing periodic background mDNS scan...
[INFO] 2026/06/04 00:22:27 Performing periodic background mDNS scan...
[INFO] 2026/06/04 00:22:38 Received OS signal: interrupt. Shutting down...
[INFO] 2026/06/04 00:22:38 Discovery service stopped
[INFO] 2026/06/04 00:22:38 TCP Receiver stopped
[INFO] 2026/06/04 00:22:43 Starting P2P File Transfer Application...
[INFO] 2026/06/04 00:22:43 TCP Receiver started on :50005
[INFO] 2026/06/04 00:22:43 WebSocket server starting on :8081
[INFO] 2026/06/04 00:22:43 Advertising mDNS service: Name=Nitro, Port=50005, IP=192.168.1.13
[INFO] 2026/06/04 00:22:43 WebSocket client connected
[INFO] 2026/06/04 00:22:43 Fiber web server starting on http://localhost:8080
[INFO] 2026/06/04 00:22:44 Opening dashboard in browser...
[INFO] 2026/06/04 00:22:46 WebSocket client connected
[INFO] 2026/06/04 00:22:58 Performing periodic background mDNS scan...
[INFO] 2026/06/04 00:23:13 Performing periodic background mDNS scan...
[INFO] 2026/06/04 00:23:27 Manual scan requested by user
[INFO] 2026/06/04 00:23:27 Discovery service stopped
[INFO] 2026/06/04 00:23:27 Advertising mDNS service: Name=Nitro, Port=50005, IP=192.168.1.13
[INFO] 2026/06/04 00:23:31 Device discovered/updated: ferrytam-P2P (ferrytam) at 192.168.1.16:50005, status: online
[INFO] 2026/06/04 00:23:43 Performing periodic background mDNS scan...
[INFO] 2026/06/04 00:23:43 Starting transfer sender 0af889f7-67ed-4b80-8b6c-63c87593662b to ferrytam-P2P (192.168.1.16)
[INFO] 2026/06/04 00:23:58 Performing periodic background mDNS scan...
[INFO] 2026/06/04 00:24:07 Starting transfer sender 42b27402-6616-484c-b7cf-3d85ecdfe254 to ferrytam-P2P (192.168.1.16)
[INFO] 2026/06/04 00:24:13 Performing periodic background mDNS scan...
[INFO] 2026/06/04 00:24:28 Performing periodic background mDNS scan...
[INFO] 2026/06/04 00:24:43 Performing periodic background mDNS scan...
[INFO] 2026/06/04 00:24:58 Performing periodic background mDNS scan...
[INFO] 2026/06/04 00:25:13 Performing periodic background mDNS scan...
[INFO] 2026/06/04 00:25:28 Performing periodic background mDNS scan...
[INFO] 2026/06/04 00:25:34 Device timed out: ferrytam-P2P (ferrytam)
[INFO] 2026/06/04 00:25:43 Performing periodic background mDNS scan...
[INFO] 2026/06/04 00:25:58 Performing periodic background mDNS scan...
[INFO] 2026/06/04 00:26:13 Performing periodic background mDNS scan...
[INFO] 2026/06/04 00:26:28 Performing periodic background mDNS scan...
[INFO] 2026/06/04 00:26:43 Performing periodic background mDNS scan...
[INFO] 2026/06/04 00:26:58 Performing periodic background mDNS scan...
[INFO] 2026/06/04 00:27:12 Manual scan requested by user
[INFO] 2026/06/04 00:27:12 Discovery service stopped
[INFO] 2026/06/04 00:27:12 Advertising mDNS service: Name=Nitro, Port=50005, IP=192.168.1.13
[INFO] 2026/06/04 00:27:18 Device discovered/updated: ferrytam-P2P (ferrytam) at 192.168.1.16:50005, status: online
[INFO] 2026/06/04 00:27:28 Performing periodic background mDNS scan...
[INFO] 2026/06/04 00:27:29 Starting transfer sender 98e464f3-3887-4ed6-be9e-fcfddb8784fc to ferrytam-P2P (192.168.1.16)
[INFO] 2026/06/04 00:27:43 Performing periodic background mDNS scan...
[INFO] 2026/06/04 00:27:58 Performing periodic background mDNS scan...
[INFO] 2026/06/04 00:28:13 Performing periodic background mDNS scan...
[INFO] 2026/06/04 00:28:28 Performing periodic background mDNS scan...
[INFO] 2026/06/04 00:28:43 Performing periodic background mDNS scan...
[INFO] 2026/06/04 00:28:58 Performing periodic background mDNS scan...
[INFO] 2026/06/04 00:29:13 Performing periodic background mDNS scan...
[INFO] 2026/06/04 00:29:19 Device timed out: ferrytam-P2P (ferrytam)
[INFO] 2026/06/04 00:29:28 Performing periodic background mDNS scan...
[INFO] 2026/06/04 00:29:43 Performing periodic background mDNS scan...
[INFO] 2026/06/04 00:29:58 Performing periodic background mDNS scan...
[INFO] 2026/06/04 00:30:13 Performing periodic background mDNS scan...
[INFO] 2026/06/04 00:30:28 Performing periodic background mDNS scan...
[INFO] 2026/06/04 00:30:38 Received OS signal: interrupt. Shutting down...
[INFO] 2026/06/04 00:30:38 Discovery service stopped
[INFO] 2026/06/04 00:30:38 TCP Receiver stopped
[INFO] 2026/06/04 00:30:48 Starting P2P File Transfer Application...
[INFO] 2026/06/04 00:30:48 TCP Receiver started on :50005
[INFO] 2026/06/04 00:30:48 WebSocket server starting on :8081
[INFO] 2026/06/04 00:30:48 Advertising mDNS service: Name=Nitro, Port=50005, IP=192.168.1.13
[INFO] 2026/06/04 00:30:48 WebSocket client connected
[INFO] 2026/06/04 00:30:48 Fiber web server starting on http://localhost:8080
[INFO] 2026/06/04 00:30:49 WebSocket client connected
[INFO] 2026/06/04 00:30:49 Opening dashboard in browser...
[INFO] 2026/06/04 00:30:51 WebSocket client connected
[INFO] 2026/06/04 00:31:03 Performing periodic background mDNS scan...
[INFO] 2026/06/04 00:31:15 Manual scan requested by user
[INFO] 2026/06/04 00:31:15 Discovery service stopped
[INFO] 2026/06/04 00:31:16 Advertising mDNS service: Name=Nitro, Port=50005, IP=192.168.1.13
[INFO] 2026/06/04 00:31:21 Device discovered/updated: ferrytam-P2P (ferrytam) at 192.168.1.16:50005, status: online
[INFO] 2026/06/04 00:31:31 Performing periodic background mDNS scan...
[INFO] 2026/06/04 00:31:35 Starting transfer sender 8f443339-6fe9-417d-a103-9dc355478577 to ferrytam-P2P (192.168.1.16)
[INFO] 2026/06/04 00:31:46 Performing periodic background mDNS scan...
[INFO] 2026/06/04 00:32:01 Performing periodic background mDNS scan...
[INFO] 2026/06/04 00:32:16 Performing periodic background mDNS scan...
[INFO] 2026/06/04 00:32:31 Performing periodic background mDNS scan...
[INFO] 2026/06/04 00:32:46 Performing periodic background mDNS scan...
[INFO] 2026/06/04 00:33:01 Performing periodic background mDNS scan...
[INFO] 2026/06/04 00:33:16 Performing periodic background mDNS scan...
[INFO] 2026/06/04 00:33:22 Device timed out: ferrytam-P2P (ferrytam)
[INFO] 2026/06/04 00:33:29 WebSocket client disconnected
[INFO] 2026/06/04 00:33:30 WebSocket client connected
[INFO] 2026/06/04 00:33:31 Performing periodic background mDNS scan...
[INFO] 2026/06/04 00:33:32 WebSocket client disconnected
[INFO] 2026/06/04 00:33:32 WebSocket client connected
[INFO] 2026/06/04 00:33:34 WebSocket client disconnected
[INFO] 2026/06/04 00:33:34 WebSocket client disconnected
[INFO] 2026/06/04 00:33:35 WebSocket client disconnected
[INFO] 2026/06/04 00:33:46 Performing periodic background mDNS scan...
[INFO] 2026/06/04 00:34:01 Performing periodic background mDNS scan...
[INFO] 2026/06/04 00:34:16 Performing periodic background mDNS scan...
[INFO] 2026/06/04 00:34:31 Performing periodic background mDNS scan...
[INFO] 2026/06/04 00:34:37 Received OS signal: interrupt. Shutting down...
[INFO] 2026/06/04 00:34:37 Discovery service stopped
[INFO] 2026/06/04 00:34:37 TCP Receiver stopped
[INFO] 2026/06/04 00:35:03 Starting P2P File Transfer Application...
[INFO] 2026/06/04 00:35:03 TCP Receiver started on :50005
[INFO] 2026/06/04 00:35:03 WebSocket server starting on :8081
[INFO] 2026/06/04 00:35:03 Advertising mDNS service: Name=Nitro, Port=50005, IP=192.168.1.13
[INFO] 2026/06/04 00:35:03 Fiber web server starting on http://localhost:8080
[INFO] 2026/06/04 00:35:04 Opening dashboard in browser...
[INFO] 2026/06/04 00:35:06 WebSocket client connected
[INFO] 2026/06/04 00:35:06 Manual scan requested by user
[INFO] 2026/06/04 00:35:06 Discovery service stopped
[INFO] 2026/06/04 00:35:07 Advertising mDNS service: Name=Nitro, Port=50005, IP=192.168.1.13
[INFO] 2026/06/04 00:35:16 Manual scan requested by user
[INFO] 2026/06/04 00:35:16 Discovery service stopped
[INFO] 2026/06/04 00:35:17 Advertising mDNS service: Name=Nitro, Port=50005, IP=192.168.1.13
[INFO] 2026/06/04 00:35:26 Manual scan requested by user
[INFO] 2026/06/04 00:35:26 Discovery service stopped
[INFO] 2026/06/04 00:35:27 Advertising mDNS service: Name=Nitro, Port=50005, IP=192.168.1.13
[INFO] 2026/06/04 00:35:31 WebSocket client disconnected
[INFO] 2026/06/04 00:35:54 Performing periodic background mDNS scan...
[INFO] 2026/06/04 00:35:57 WebSocket client connected
[INFO] 2026/06/04 00:35:57 Performing periodic background mDNS scan...
[INFO] 2026/06/04 00:35:58 Manual scan requested by user
[INFO] 2026/06/04 00:35:58 Manual scan requested by user
[INFO] 2026/06/04 00:35:58 Discovery service stopped
[INFO] 2026/06/04 00:35:58 Discovery service stopped
[INFO] 2026/06/04 00:35:58 Advertising mDNS service: Name=Nitro, Port=50005, IP=192.168.1.13
[INFO] 2026/06/04 00:35:58 Advertising mDNS service: Name=Nitro, Port=50005, IP=192.168.1.13
[INFO] 2026/06/04 00:36:08 Manual scan requested by user
[INFO] 2026/06/04 00:36:08 Discovery service stopped
[INFO] 2026/06/04 00:36:08 Advertising mDNS service: Name=Nitro, Port=50005, IP=192.168.1.13
[INFO] 2026/06/04 00:36:08 Device discovered/updated: ferrytam-P2P (ferrytam) at 192.168.1.16:50005, status: online
[INFO] 2026/06/04 00:36:14 Performing periodic background mDNS scan...
[INFO] 2026/06/04 00:36:17 Manual scan requested by user
[INFO] 2026/06/04 00:36:17 Discovery service stopped
[INFO] 2026/06/04 00:36:18 Advertising mDNS service: Name=Nitro, Port=50005, IP=192.168.1.13
[INFO] 2026/06/04 00:36:18 Device discovered/updated: ferrytam-P2P (ferrytam) at 192.168.1.16:50005, status: online
[INFO] 2026/06/04 00:36:28 Manual scan requested by user
[INFO] 2026/06/04 00:36:28 Discovery service stopped
[INFO] 2026/06/04 00:36:28 Advertising mDNS service: Name=Nitro, Port=50005, IP=192.168.1.13
[INFO] 2026/06/04 00:36:28 Device discovered/updated: ferrytam-P2P (ferrytam) at 192.168.1.16:50005, status: online
[INFO] 2026/06/04 00:36:37 Manual scan requested by user
[INFO] 2026/06/04 00:36:37 Discovery service stopped
[INFO] 2026/06/04 00:36:38 Advertising mDNS service: Name=Nitro, Port=50005, IP=192.168.1.13
[INFO] 2026/06/04 00:36:38 Device discovered/updated: ferrytam-P2P (ferrytam) at 192.168.1.16:50005, status: online
[INFO] 2026/06/04 00:36:47 Manual scan requested by user
[INFO] 2026/06/04 00:36:47 Discovery service stopped
[INFO] 2026/06/04 00:36:48 Advertising mDNS service: Name=Nitro, Port=50005, IP=192.168.1.13
[INFO] 2026/06/04 00:36:57 Manual scan requested by user
[INFO] 2026/06/04 00:36:57 Discovery service stopped
[INFO] 2026/06/04 00:36:58 Advertising mDNS service: Name=Nitro, Port=50005, IP=192.168.1.13
[INFO] 2026/06/04 00:36:59 Device discovered/updated: ferrytam-P2P (ferrytam) at 192.168.1.16:50005, status: online
[INFO] 2026/06/04 00:37:07 Manual scan requested by user
[INFO] 2026/06/04 00:37:07 Discovery service stopped
[INFO] 2026/06/04 00:37:08 Advertising mDNS service: Name=Nitro, Port=50005, IP=192.168.1.13
[INFO] 2026/06/04 00:37:08 Device discovered/updated: ferrytam-P2P (ferrytam) at 192.168.1.16:50005, status: online
[INFO] 2026/06/04 00:37:13 Starting transfer sender 61cd846f-d333-4b21-b56b-d420a6273b3c to ferrytam-P2P (192.168.1.16)
[INFO] 2026/06/04 00:37:17 Transfer sender completed for ID: 61cd846f-d333-4b21-b56b-d420a6273b3c
[INFO] 2026/06/04 00:37:17 Manual scan requested by user
[INFO] 2026/06/04 00:37:17 Discovery service stopped
[INFO] 2026/06/04 00:37:18 Advertising mDNS service: Name=Nitro, Port=50005, IP=192.168.1.13
[INFO] 2026/06/04 00:37:18 Device discovered/updated: ferrytam-P2P (ferrytam) at 192.168.1.16:50005, status: online
[INFO] 2026/06/04 00:37:27 Manual scan requested by user
[INFO] 2026/06/04 00:37:27 Discovery service stopped
[INFO] 2026/06/04 00:37:28 Advertising mDNS service: Name=Nitro, Port=50005, IP=192.168.1.13
[INFO] 2026/06/04 00:37:37 Manual scan requested by user
[INFO] 2026/06/04 00:37:37 Discovery service stopped
[INFO] 2026/06/04 00:37:38 Advertising mDNS service: Name=Nitro, Port=50005, IP=192.168.1.13
[INFO] 2026/06/04 00:37:47 Manual scan requested by user
[INFO] 2026/06/04 00:37:47 Discovery service stopped
[INFO] 2026/06/04 00:37:48 Advertising mDNS service: Name=Nitro, Port=50005, IP=192.168.1.13
[INFO] 2026/06/04 00:37:57 Manual scan requested by user
[INFO] 2026/06/04 00:37:57 Discovery service stopped
[INFO] 2026/06/04 00:37:58 Advertising mDNS service: Name=Nitro, Port=50005, IP=192.168.1.13
[INFO] 2026/06/04 00:38:07 Manual scan requested by user
[INFO] 2026/06/04 00:38:07 Discovery service stopped
[INFO] 2026/06/04 00:38:08 Advertising mDNS service: Name=Nitro, Port=50005, IP=192.168.1.13
[INFO] 2026/06/04 00:38:17 Manual scan requested by user
[INFO] 2026/06/04 00:38:17 Discovery service stopped
[INFO] 2026/06/04 00:38:18 Advertising mDNS service: Name=Nitro, Port=50005, IP=192.168.1.13
[INFO] 2026/06/04 00:38:27 Manual scan requested by user
[INFO] 2026/06/04 00:38:27 Discovery service stopped
[INFO] 2026/06/04 00:38:28 Advertising mDNS service: Name=Nitro, Port=50005, IP=192.168.1.13
[INFO] 2026/06/04 00:38:37 Manual scan requested by user
[INFO] 2026/06/04 00:38:37 Discovery service stopped
[INFO] 2026/06/04 00:38:38 Advertising mDNS service: Name=Nitro, Port=50005, IP=192.168.1.13
[INFO] 2026/06/04 00:38:47 Manual scan requested by user
[INFO] 2026/06/04 00:38:47 Discovery service stopped
[INFO] 2026/06/04 00:38:48 Advertising mDNS service: Name=Nitro, Port=50005, IP=192.168.1.13
[INFO] 2026/06/04 00:38:57 Manual scan requested by user
[INFO] 2026/06/04 00:38:57 Discovery service stopped
[INFO] 2026/06/04 00:38:58 Advertising mDNS service: Name=Nitro, Port=50005, IP=192.168.1.13
[INFO] 2026/06/04 00:39:07 Manual scan requested by user
[INFO] 2026/06/04 00:39:07 Discovery service stopped
[INFO] 2026/06/04 00:39:08 Advertising mDNS service: Name=Nitro, Port=50005, IP=192.168.1.13
[INFO] 2026/06/04 00:39:15 Starting transfer sender 18ccd31a-325d-418a-9616-d1b07c9386cf to ferrytam-P2P (192.168.1.16)
[INFO] 2026/06/04 00:39:17 Manual scan requested by user
[INFO] 2026/06/04 00:39:17 Discovery service stopped
[INFO] 2026/06/04 00:39:18 Advertising mDNS service: Name=Nitro, Port=50005, IP=192.168.1.13
[INFO] 2026/06/04 00:39:27 Manual scan requested by user
[INFO] 2026/06/04 00:39:27 Discovery service stopped
[INFO] 2026/06/04 00:39:28 Advertising mDNS service: Name=Nitro, Port=50005, IP=192.168.1.13
[INFO] 2026/06/04 00:39:29 Device discovered/updated: ferrytam-P2P (ferrytam) at 192.168.1.16:50005, status: online
[INFO] 2026/06/04 00:39:37 Manual scan requested by user
[INFO] 2026/06/04 00:39:37 Discovery service stopped
[INFO] 2026/06/04 00:39:38 Advertising mDNS service: Name=Nitro, Port=50005, IP=192.168.1.13
[INFO] 2026/06/04 00:39:42 Device discovered/updated: ferrytam-P2P (ferrytam) at 192.168.1.16:50005, status: online
[INFO] 2026/06/04 00:39:47 Manual scan requested by user
[INFO] 2026/06/04 00:39:47 Discovery service stopped
[INFO] 2026/06/04 00:39:48 Advertising mDNS service: Name=Nitro, Port=50005, IP=192.168.1.13
[INFO] 2026/06/04 00:39:52 Device discovered/updated: ferrytam-P2P (ferrytam) at 192.168.1.16:50005, status: online
[INFO] 2026/06/04 00:39:57 Manual scan requested by user
[INFO] 2026/06/04 00:39:57 Discovery service stopped
[INFO] 2026/06/04 00:39:58 Advertising mDNS service: Name=Nitro, Port=50005, IP=192.168.1.13
[INFO] 2026/06/04 00:40:00 Transfer sender completed for ID: 18ccd31a-325d-418a-9616-d1b07c9386cf
[INFO] 2026/06/04 00:40:02 Device discovered/updated: ferrytam-P2P (ferrytam) at 192.168.1.16:50005, status: online
[INFO] 2026/06/04 00:40:07 Manual scan requested by user
[INFO] 2026/06/04 00:40:07 Discovery service stopped
[INFO] 2026/06/04 00:40:08 Advertising mDNS service: Name=Nitro, Port=50005, IP=192.168.1.13
[INFO] 2026/06/04 00:40:09 Device discovered/updated: ferrytam-P2P (ferrytam) at 192.168.1.16:50005, status: online
[INFO] 2026/06/04 00:40:17 Manual scan requested by user
[INFO] 2026/06/04 00:40:17 Discovery service stopped
[INFO] 2026/06/04 00:40:18 Advertising mDNS service: Name=Nitro, Port=50005, IP=192.168.1.13
[INFO] 2026/06/04 00:40:18 Device discovered/updated: ferrytam-P2P (ferrytam) at 192.168.1.16:50005, status: online
[INFO] 2026/06/04 00:40:27 Manual scan requested by user
[INFO] 2026/06/04 00:40:27 Discovery service stopped
[INFO] 2026/06/04 00:40:28 Advertising mDNS service: Name=Nitro, Port=50005, IP=192.168.1.13
[INFO] 2026/06/04 00:40:28 Device discovered/updated: ferrytam-P2P (ferrytam) at 192.168.1.16:50005, status: online
[INFO] 2026/06/04 00:40:37 Manual scan requested by user
[INFO] 2026/06/04 00:40:37 Discovery service stopped
[INFO] 2026/06/04 00:40:38 Advertising mDNS service: Name=Nitro, Port=50005, IP=192.168.1.13
[INFO] 2026/06/04 00:40:38 Device discovered/updated: ferrytam-P2P (ferrytam) at 192.168.1.16:50005, status: online
[INFO] 2026/06/04 00:40:47 Manual scan requested by user
[INFO] 2026/06/04 00:40:47 Discovery service stopped
[INFO] 2026/06/04 00:40:48 Advertising mDNS service: Name=Nitro, Port=50005, IP=192.168.1.13
[INFO] 2026/06/04 00:40:51 Device discovered/updated: ferrytam-P2P (ferrytam) at 192.168.1.16:50005, status: online
[INFO] 2026/06/04 00:40:57 Manual scan requested by user
[INFO] 2026/06/04 00:40:57 Discovery service stopped
[INFO] 2026/06/04 00:40:58 Advertising mDNS service: Name=Nitro, Port=50005, IP=192.168.1.13
[INFO] 2026/06/04 00:41:00 Device discovered/updated: ferrytam-P2P (ferrytam) at 192.168.1.16:50005, status: online
[INFO] 2026/06/04 00:41:07 Manual scan requested by user
[INFO] 2026/06/04 00:41:07 Discovery service stopped
[INFO] 2026/06/04 00:41:08 Advertising mDNS service: Name=Nitro, Port=50005, IP=192.168.1.13
[INFO] 2026/06/04 00:41:10 Device discovered/updated: ferrytam-P2P (ferrytam) at 192.168.1.16:50005, status: online
[INFO] 2026/06/04 00:41:17 Manual scan requested by user
[INFO] 2026/06/04 00:41:17 Discovery service stopped
[INFO] 2026/06/04 00:41:18 Advertising mDNS service: Name=Nitro, Port=50005, IP=192.168.1.13
[INFO] 2026/06/04 00:41:20 Device discovered/updated: ferrytam-P2P (ferrytam) at 192.168.1.16:50005, status: online
[INFO] 2026/06/04 00:41:27 Manual scan requested by user
[INFO] 2026/06/04 00:41:27 Discovery service stopped
[INFO] 2026/06/04 00:41:28 Advertising mDNS service: Name=Nitro, Port=50005, IP=192.168.1.13
[INFO] 2026/06/04 00:41:28 WebSocket client disconnected
[INFO] 2026/06/04 00:41:29 WebSocket client connected
[INFO] 2026/06/04 00:41:29 Manual scan requested by user
[INFO] 2026/06/04 00:41:29 Discovery service stopped
[INFO] 2026/06/04 00:41:29 Advertising mDNS service: Name=Nitro, Port=50005, IP=192.168.1.13
[INFO] 2026/06/04 00:41:30 Device discovered/updated: ferrytam-P2P (ferrytam) at 192.168.1.16:50005, status: online
[INFO] 2026/06/04 00:41:39 Manual scan requested by user
[INFO] 2026/06/04 00:41:39 Discovery service stopped
[INFO] 2026/06/04 00:41:39 Advertising mDNS service: Name=Nitro, Port=50005, IP=192.168.1.13
[INFO] 2026/06/04 00:41:40 Device discovered/updated: ferrytam-P2P (ferrytam) at 192.168.1.16:50005, status: online
[INFO] 2026/06/04 00:41:49 Manual scan requested by user
[INFO] 2026/06/04 00:41:49 Discovery service stopped
[INFO] 2026/06/04 00:41:49 Advertising mDNS service: Name=Nitro, Port=50005, IP=192.168.1.13
[INFO] 2026/06/04 00:41:50 Device discovered/updated: ferrytam-P2P (ferrytam) at 192.168.1.16:50005, status: online
[INFO] 2026/06/04 00:41:59 Manual scan requested by user
[INFO] 2026/06/04 00:41:59 Discovery service stopped
[INFO] 2026/06/04 00:41:59 Advertising mDNS service: Name=Nitro, Port=50005, IP=192.168.1.13
[INFO] 2026/06/04 00:42:00 Device discovered/updated: ferrytam-P2P (ferrytam) at 192.168.1.16:50005, status: online
[INFO] 2026/06/04 00:42:09 Manual scan requested by user
[INFO] 2026/06/04 00:42:09 Discovery service stopped
[INFO] 2026/06/04 00:42:09 Advertising mDNS service: Name=Nitro, Port=50005, IP=192.168.1.13
[INFO] 2026/06/04 00:42:10 Device discovered/updated: ferrytam-P2P (ferrytam) at 192.168.1.16:50005, status: online
[INFO] 2026/06/04 00:42:19 Manual scan requested by user
[INFO] 2026/06/04 00:42:19 Discovery service stopped
[INFO] 2026/06/04 00:42:19 Advertising mDNS service: Name=Nitro, Port=50005, IP=192.168.1.13
[INFO] 2026/06/04 00:42:20 Device discovered/updated: ferrytam-P2P (ferrytam) at 192.168.1.16:50005, status: online
[INFO] 2026/06/04 00:42:29 Manual scan requested by user
[INFO] 2026/06/04 00:42:29 Discovery service stopped
[INFO] 2026/06/04 00:42:29 Advertising mDNS service: Name=Nitro, Port=50005, IP=192.168.1.13
[INFO] 2026/06/04 00:42:30 Device discovered/updated: ferrytam-P2P (ferrytam) at 192.168.1.16:50005, status: online
[INFO] 2026/06/04 00:42:39 Manual scan requested by user
[INFO] 2026/06/04 00:42:39 Discovery service stopped
[INFO] 2026/06/04 00:42:39 Advertising mDNS service: Name=Nitro, Port=50005, IP=192.168.1.13
[INFO] 2026/06/04 00:42:40 Device discovered/updated: ferrytam-P2P (ferrytam) at 192.168.1.16:50005, status: online
[INFO] 2026/06/04 00:42:49 Manual scan requested by user
[INFO] 2026/06/04 00:42:49 Discovery service stopped
[INFO] 2026/06/04 00:42:50 Advertising mDNS service: Name=Nitro, Port=50005, IP=192.168.1.13
[INFO] 2026/06/04 00:42:50 Device discovered/updated: ferrytam-P2P (ferrytam) at 192.168.1.16:50005, status: online
[INFO] 2026/06/04 00:42:59 Manual scan requested by user
[INFO] 2026/06/04 00:42:59 Discovery service stopped
[INFO] 2026/06/04 00:43:00 Advertising mDNS service: Name=Nitro, Port=50005, IP=192.168.1.13
[INFO] 2026/06/04 00:43:00 Device discovered/updated: ferrytam-P2P (ferrytam) at 192.168.1.16:50005, status: online
[INFO] 2026/06/04 00:43:09 Manual scan requested by user
[INFO] 2026/06/04 00:43:09 Discovery service stopped
[INFO] 2026/06/04 00:43:10 Advertising mDNS service: Name=Nitro, Port=50005, IP=192.168.1.13
[INFO] 2026/06/04 00:43:10 Device discovered/updated: ferrytam-P2P (ferrytam) at 192.168.1.16:50005, status: online
[INFO] 2026/06/04 00:43:19 Manual scan requested by user
[INFO] 2026/06/04 00:43:19 Discovery service stopped
[INFO] 2026/06/04 00:43:20 Advertising mDNS service: Name=Nitro, Port=50005, IP=192.168.1.13
[INFO] 2026/06/04 00:43:20 Device discovered/updated: ferrytam-P2P (ferrytam) at 192.168.1.16:50005, status: online
[INFO] 2026/06/04 00:43:29 Manual scan requested by user
[INFO] 2026/06/04 00:43:29 Discovery service stopped
[INFO] 2026/06/04 00:43:30 Advertising mDNS service: Name=Nitro, Port=50005, IP=192.168.1.13
[INFO] 2026/06/04 00:43:30 Device discovered/updated: ferrytam-P2P (ferrytam) at 192.168.1.16:50005, status: online
[INFO] 2026/06/04 00:43:39 Manual scan requested by user
[INFO] 2026/06/04 00:43:39 Discovery service stopped
[INFO] 2026/06/04 00:43:40 Advertising mDNS service: Name=Nitro, Port=50005, IP=192.168.1.13
[INFO] 2026/06/04 00:43:40 Device discovered/updated: ferrytam-P2P (ferrytam) at 192.168.1.16:50005, status: online
[INFO] 2026/06/04 00:43:55 Performing periodic background mDNS scan...
[INFO] 2026/06/04 00:44:10 Performing periodic background mDNS scan...
[INFO] 2026/06/04 00:44:25 Performing periodic background mDNS scan...
[INFO] 2026/06/04 00:44:40 Performing periodic background mDNS scan...
[INFO] 2026/06/04 00:44:40 Manual scan requested by user
[INFO] 2026/06/04 00:44:40 Discovery service stopped
[INFO] 2026/06/04 00:44:41 Advertising mDNS service: Name=Nitro, Port=50005, IP=192.168.1.13
[INFO] 2026/06/04 00:44:41 Device discovered/updated: ferrytam-P2P (ferrytam) at 192.168.1.16:50005, status: online
[INFO] 2026/06/04 00:44:56 Performing periodic background mDNS scan...
[INFO] 2026/06/04 00:45:09 Received OS signal: interrupt. Shutting down...
[INFO] 2026/06/04 00:45:09 Discovery service stopped
[INFO] 2026/06/04 00:45:09 TCP Receiver stopped
[INFO] 2026/06/04 00:45:14 Starting P2P File Transfer Application...
[INFO] 2026/06/04 00:45:14 TCP Receiver started on :50005
[INFO] 2026/06/04 00:45:14 WebSocket server starting on :8081
[INFO] 2026/06/04 00:45:14 Advertising mDNS service: Name=Nitro, Port=50005, IP=192.168.1.13
[INFO] 2026/06/04 00:45:14 WebSocket client connected
[INFO] 2026/06/04 00:45:14 Fiber web server starting on http://localhost:8080
[INFO] 2026/06/04 00:45:15 Manual scan requested by user
[INFO] 2026/06/04 00:45:15 Discovery service stopped
[INFO] 2026/06/04 00:45:15 Advertising mDNS service: Name=Nitro, Port=50005, IP=192.168.1.13
[INFO] 2026/06/04 00:45:15 Opening dashboard in browser...
[INFO] 2026/06/04 00:45:16 WebSocket client connected
[INFO] 2026/06/04 00:45:16 Manual scan requested by user
[INFO] 2026/06/04 00:45:16 Discovery service stopped
[INFO] 2026/06/04 00:45:17 Advertising mDNS service: Name=Nitro, Port=50005, IP=192.168.1.13
[INFO] 2026/06/04 00:45:20 Device discovered/updated: ferrytam-P2P (ferrytam) at 192.168.1.16:50005, status: online
[INFO] 2026/06/04 00:45:24 Manual scan requested by user
[INFO] 2026/06/04 00:45:24 Discovery service stopped
[INFO] 2026/06/04 00:45:25 Advertising mDNS service: Name=Nitro, Port=50005, IP=192.168.1.13
[INFO] 2026/06/04 00:45:26 Manual scan requested by user
[INFO] 2026/06/04 00:45:26 Discovery service stopped
[INFO] 2026/06/04 00:45:27 Advertising mDNS service: Name=Nitro, Port=50005, IP=192.168.1.13
[INFO] 2026/06/04 00:45:27 Device discovered/updated: ferrytam-P2P (ferrytam) at 192.168.1.16:50005, status: online
[INFO] 2026/06/04 00:45:34 Manual scan requested by user
[INFO] 2026/06/04 00:45:34 Discovery service stopped
[INFO] 2026/06/04 00:45:35 Advertising mDNS service: Name=Nitro, Port=50005, IP=192.168.1.13
[INFO] 2026/06/04 00:45:36 Manual scan requested by user
[INFO] 2026/06/04 00:45:36 Discovery service stopped
[INFO] 2026/06/04 00:45:37 Advertising mDNS service: Name=Nitro, Port=50005, IP=192.168.1.13
[INFO] 2026/06/04 00:45:42 Device discovered/updated: ferrytam-P2P (ferrytam) at 192.168.1.16:50005, status: online
[INFO] 2026/06/04 00:45:44 Manual scan requested by user
[INFO] 2026/06/04 00:45:44 Discovery service stopped
[INFO] 2026/06/04 00:45:45 Advertising mDNS service: Name=Nitro, Port=50005, IP=192.168.1.13
[INFO] 2026/06/04 00:45:46 Manual scan requested by user
[INFO] 2026/06/04 00:45:46 Discovery service stopped
[INFO] 2026/06/04 00:45:47 Advertising mDNS service: Name=Nitro, Port=50005, IP=192.168.1.13
[INFO] 2026/06/04 00:45:52 Device discovered/updated: ferrytam-P2P (ferrytam) at 192.168.1.16:50005, status: online
[INFO] 2026/06/04 00:45:54 Manual scan requested by user
[INFO] 2026/06/04 00:45:54 Discovery service stopped
[INFO] 2026/06/04 00:45:55 Advertising mDNS service: Name=Nitro, Port=50005, IP=192.168.1.13
[INFO] 2026/06/04 00:45:56 Manual scan requested by user
[INFO] 2026/06/04 00:45:56 Discovery service stopped
[INFO] 2026/06/04 00:45:57 Advertising mDNS service: Name=Nitro, Port=50005, IP=192.168.1.13
[INFO] 2026/06/04 00:46:02 Device discovered/updated: ferrytam-P2P (ferrytam) at 192.168.1.16:50005, status: online
[INFO] 2026/06/04 00:46:04 Manual scan requested by user
[INFO] 2026/06/04 00:46:04 Discovery service stopped
[INFO] 2026/06/04 00:46:05 Advertising mDNS service: Name=Nitro, Port=50005, IP=192.168.1.13
[INFO] 2026/06/04 00:46:06 Manual scan requested by user
[INFO] 2026/06/04 00:46:06 Discovery service stopped
[INFO] 2026/06/04 00:46:07 Advertising mDNS service: Name=Nitro, Port=50005, IP=192.168.1.13
[INFO] 2026/06/04 00:46:12 Device discovered/updated: ferrytam-P2P (ferrytam) at 192.168.1.16:50005, status: online
[INFO] 2026/06/04 00:46:14 Manual scan requested by user
[INFO] 2026/06/04 00:46:14 Discovery service stopped
[INFO] 2026/06/04 00:46:15 Advertising mDNS service: Name=Nitro, Port=50005, IP=192.168.1.13
[INFO] 2026/06/04 00:46:16 Manual scan requested by user
[INFO] 2026/06/04 00:46:16 Discovery service stopped
[INFO] 2026/06/04 00:46:17 Advertising mDNS service: Name=Nitro, Port=50005, IP=192.168.1.13
[INFO] 2026/06/04 00:46:22 Device discovered/updated: ferrytam-P2P (ferrytam) at 192.168.1.16:50005, status: online
[INFO] 2026/06/04 00:46:24 Manual scan requested by user
[INFO] 2026/06/04 00:46:24 Discovery service stopped
[INFO] 2026/06/04 00:46:25 Advertising mDNS service: Name=Nitro, Port=50005, IP=192.168.1.13
[INFO] 2026/06/04 00:46:26 Manual scan requested by user
[INFO] 2026/06/04 00:46:26 Discovery service stopped
[INFO] 2026/06/04 00:46:27 Advertising mDNS service: Name=Nitro, Port=50005, IP=192.168.1.13
[INFO] 2026/06/04 00:46:32 Device discovered/updated: ferrytam-P2P (ferrytam) at 192.168.1.16:50005, status: online
[INFO] 2026/06/04 00:46:36 Manual scan requested by user
[INFO] 2026/06/04 00:46:36 Discovery service stopped
[INFO] 2026/06/04 00:46:37 Advertising mDNS service: Name=Nitro, Port=50005, IP=192.168.1.13
[INFO] 2026/06/04 00:46:42 Device discovered/updated: ferrytam-P2P (ferrytam) at 192.168.1.16:50005, status: online
[INFO] 2026/06/04 00:46:42 Manual scan requested by user
[INFO] 2026/06/04 00:46:42 Discovery service stopped
[INFO] 2026/06/04 00:46:43 Advertising mDNS service: Name=Nitro, Port=50005, IP=192.168.1.13
[INFO] 2026/06/04 00:46:43 Device discovered/updated: ferrytam-P2P (ferrytam) at 192.168.1.16:50005, status: online
[INFO] 2026/06/04 00:46:46 Manual scan requested by user
[INFO] 2026/06/04 00:46:46 Discovery service stopped
[INFO] 2026/06/04 00:46:47 Advertising mDNS service: Name=Nitro, Port=50005, IP=192.168.1.13
[INFO] 2026/06/04 00:46:52 Device discovered/updated: ferrytam-P2P (ferrytam) at 192.168.1.16:50005, status: online
[INFO] 2026/06/04 00:46:56 Manual scan requested by user
[INFO] 2026/06/04 00:46:56 Discovery service stopped
[INFO] 2026/06/04 00:46:57 Advertising mDNS service: Name=Nitro, Port=50005, IP=192.168.1.13
[INFO] 2026/06/04 00:47:02 Device discovered/updated: ferrytam-P2P (ferrytam) at 192.168.1.16:50005, status: online
[INFO] 2026/06/04 00:47:06 Manual scan requested by user
[INFO] 2026/06/04 00:47:06 Discovery service stopped
[INFO] 2026/06/04 00:47:07 Advertising mDNS service: Name=Nitro, Port=50005, IP=192.168.1.13
[INFO] 2026/06/04 00:47:12 Device discovered/updated: ferrytam-P2P (ferrytam) at 192.168.1.16:50005, status: online
[INFO] 2026/06/04 00:47:16 Manual scan requested by user
[INFO] 2026/06/04 00:47:16 Discovery service stopped
[INFO] 2026/06/04 00:47:17 Advertising mDNS service: Name=Nitro, Port=50005, IP=192.168.1.13
[INFO] 2026/06/04 00:47:22 Device discovered/updated: ferrytam-P2P (ferrytam) at 192.168.1.16:50005, status: online
[INFO] 2026/06/04 00:47:26 Manual scan requested by user
[INFO] 2026/06/04 00:47:26 Discovery service stopped
[INFO] 2026/06/04 00:47:27 Advertising mDNS service: Name=Nitro, Port=50005, IP=192.168.1.13
[INFO] 2026/06/04 00:47:32 Device discovered/updated: ferrytam-P2P (ferrytam) at 192.168.1.16:50005, status: online
[INFO] 2026/06/04 00:47:36 Manual scan requested by user
[INFO] 2026/06/04 00:47:36 Discovery service stopped
[INFO] 2026/06/04 00:47:37 Advertising mDNS service: Name=Nitro, Port=50005, IP=192.168.1.13
[INFO] 2026/06/04 00:47:42 Device discovered/updated: ferrytam-P2P (ferrytam) at 192.168.1.16:50005, status: online
[INFO] 2026/06/04 00:47:42 Manual scan requested by user
[INFO] 2026/06/04 00:47:42 Discovery service stopped
[INFO] 2026/06/04 00:47:43 Advertising mDNS service: Name=Nitro, Port=50005, IP=192.168.1.13
[INFO] 2026/06/04 00:47:43 Device discovered/updated: ferrytam-P2P (ferrytam) at 192.168.1.16:50005, status: online
[INFO] 2026/06/04 00:47:46 Manual scan requested by user
[INFO] 2026/06/04 00:47:46 Discovery service stopped
[INFO] 2026/06/04 00:47:47 Advertising mDNS service: Name=Nitro, Port=50005, IP=192.168.1.13
[INFO] 2026/06/04 00:47:52 Device discovered/updated: ferrytam-P2P (ferrytam) at 192.168.1.16:50005, status: online
[INFO] 2026/06/04 00:47:56 Manual scan requested by user
[INFO] 2026/06/04 00:47:56 Discovery service stopped
[INFO] 2026/06/04 00:47:57 Advertising mDNS service: Name=Nitro, Port=50005, IP=192.168.1.13
[INFO] 2026/06/04 00:48:02 Device discovered/updated: ferrytam-P2P (ferrytam) at 192.168.1.16:50005, status: online
[INFO] 2026/06/04 00:48:06 Manual scan requested by user
[INFO] 2026/06/04 00:48:06 Discovery service stopped
[INFO] 2026/06/04 00:48:07 Advertising mDNS service: Name=Nitro, Port=50005, IP=192.168.1.13
[INFO] 2026/06/04 00:48:12 Device discovered/updated: ferrytam-P2P (ferrytam) at 192.168.1.16:50005, status: online
[INFO] 2026/06/04 00:48:16 Manual scan requested by user
[INFO] 2026/06/04 00:48:16 Discovery service stopped
[INFO] 2026/06/04 00:48:17 Advertising mDNS service: Name=Nitro, Port=50005, IP=192.168.1.13
[INFO] 2026/06/04 00:48:22 Device discovered/updated: ferrytam-P2P (ferrytam) at 192.168.1.16:50005, status: online
[INFO] 2026/06/04 00:48:26 Manual scan requested by user
[INFO] 2026/06/04 00:48:26 Discovery service stopped
[INFO] 2026/06/04 00:48:27 Advertising mDNS service: Name=Nitro, Port=50005, IP=192.168.1.13
[INFO] 2026/06/04 00:48:32 Device discovered/updated: ferrytam-P2P (ferrytam) at 192.168.1.16:50005, status: online
[INFO] 2026/06/04 00:48:36 Manual scan requested by user
[INFO] 2026/06/04 00:48:36 Discovery service stopped
[INFO] 2026/06/04 00:48:37 Advertising mDNS service: Name=Nitro, Port=50005, IP=192.168.1.13
[INFO] 2026/06/04 00:48:42 Device discovered/updated: ferrytam-P2P (ferrytam) at 192.168.1.16:50005, status: online
[INFO] 2026/06/04 00:48:42 Manual scan requested by user
[INFO] 2026/06/04 00:48:42 Discovery service stopped
[INFO] 2026/06/04 00:48:43 Advertising mDNS service: Name=Nitro, Port=50005, IP=192.168.1.13
[INFO] 2026/06/04 00:48:46 Manual scan requested by user
[INFO] 2026/06/04 00:48:46 Discovery service stopped
[INFO] 2026/06/04 00:48:47 Advertising mDNS service: Name=Nitro, Port=50005, IP=192.168.1.13
[INFO] 2026/06/04 00:48:52 Device discovered/updated: ferrytam-P2P (ferrytam) at 192.168.1.16:50005, status: online
[INFO] 2026/06/04 00:48:56 Manual scan requested by user
[INFO] 2026/06/04 00:48:56 Discovery service stopped
[INFO] 2026/06/04 00:48:57 Advertising mDNS service: Name=Nitro, Port=50005, IP=192.168.1.13
[INFO] 2026/06/04 00:49:02 Device discovered/updated: ferrytam-P2P (ferrytam) at 192.168.1.16:50005, status: online
[INFO] 2026/06/04 00:49:06 Manual scan requested by user
[INFO] 2026/06/04 00:49:06 Discovery service stopped
[INFO] 2026/06/04 00:49:07 Advertising mDNS service: Name=Nitro, Port=50005, IP=192.168.1.13
[INFO] 2026/06/04 00:49:16 Manual scan requested by user
[INFO] 2026/06/04 00:49:16 Discovery service stopped
[INFO] 2026/06/04 00:49:17 Advertising mDNS service: Name=Nitro, Port=50005, IP=192.168.1.13
[INFO] 2026/06/04 00:49:26 Manual scan requested by user
[INFO] 2026/06/04 00:49:26 Discovery service stopped
[INFO] 2026/06/04 00:49:27 Advertising mDNS service: Name=Nitro, Port=50005, IP=192.168.1.13
[INFO] 2026/06/04 00:49:36 Manual scan requested by user
[INFO] 2026/06/04 00:49:36 Discovery service stopped
[INFO] 2026/06/04 00:49:37 Advertising mDNS service: Name=Nitro, Port=50005, IP=192.168.1.13
[INFO] 2026/06/04 00:49:42 Manual scan requested by user
[INFO] 2026/06/04 00:49:42 Discovery service stopped
[INFO] 2026/06/04 00:49:43 Advertising mDNS service: Name=Nitro, Port=50005, IP=192.168.1.13
[INFO] 2026/06/04 00:49:46 Manual scan requested by user
[INFO] 2026/06/04 00:49:46 Discovery service stopped
[INFO] 2026/06/04 00:49:47 Advertising mDNS service: Name=Nitro, Port=50005, IP=192.168.1.13
[INFO] 2026/06/04 00:49:56 Manual scan requested by user
[INFO] 2026/06/04 00:49:56 Discovery service stopped
[INFO] 2026/06/04 00:49:57 Advertising mDNS service: Name=Nitro, Port=50005, IP=192.168.1.13
[INFO] 2026/06/04 00:50:06 Manual scan requested by user
[INFO] 2026/06/04 00:50:06 Discovery service stopped
[INFO] 2026/06/04 00:50:07 Advertising mDNS service: Name=Nitro, Port=50005, IP=192.168.1.13
[INFO] 2026/06/04 00:50:16 Manual scan requested by user
[INFO] 2026/06/04 00:50:16 Discovery service stopped
[INFO] 2026/06/04 00:50:17 Advertising mDNS service: Name=Nitro, Port=50005, IP=192.168.1.13
[INFO] 2026/06/04 00:50:26 Manual scan requested by user
[INFO] 2026/06/04 00:50:26 Discovery service stopped
[INFO] 2026/06/04 00:50:27 Advertising mDNS service: Name=Nitro, Port=50005, IP=192.168.1.13
[INFO] 2026/06/04 00:50:36 Manual scan requested by user
[INFO] 2026/06/04 00:50:36 Discovery service stopped
[INFO] 2026/06/04 00:50:37 Advertising mDNS service: Name=Nitro, Port=50005, IP=192.168.1.13
[INFO] 2026/06/04 00:50:42 Manual scan requested by user
[INFO] 2026/06/04 00:50:42 Discovery service stopped
[INFO] 2026/06/04 00:50:43 Advertising mDNS service: Name=Nitro, Port=50005, IP=192.168.1.13
[INFO] 2026/06/04 00:50:46 Manual scan requested by user
[INFO] 2026/06/04 00:50:46 Discovery service stopped
[INFO] 2026/06/04 00:50:47 Advertising mDNS service: Name=Nitro, Port=50005, IP=192.168.1.13
[INFO] 2026/06/04 00:50:56 Manual scan requested by user
[INFO] 2026/06/04 00:50:56 Discovery service stopped
[INFO] 2026/06/04 00:50:57 Advertising mDNS service: Name=Nitro, Port=50005, IP=192.168.1.13
[INFO] 2026/06/04 00:51:06 Manual scan requested by user
[INFO] 2026/06/04 00:51:06 Discovery service stopped
[INFO] 2026/06/04 00:51:07 Advertising mDNS service: Name=Nitro, Port=50005, IP=192.168.1.13
[INFO] 2026/06/04 00:51:16 Manual scan requested by user
[INFO] 2026/06/04 00:51:16 Discovery service stopped
[INFO] 2026/06/04 00:51:17 Advertising mDNS service: Name=Nitro, Port=50005, IP=192.168.1.13
[INFO] 2026/06/04 00:51:26 Manual scan requested by user
[INFO] 2026/06/04 00:51:26 Discovery service stopped
[INFO] 2026/06/04 00:51:27 Advertising mDNS service: Name=Nitro, Port=50005, IP=192.168.1.13
[INFO] 2026/06/04 00:51:36 Manual scan requested by user
[INFO] 2026/06/04 00:51:36 Discovery service stopped
[INFO] 2026/06/04 00:51:37 Advertising mDNS service: Name=Nitro, Port=50005, IP=192.168.1.13
[INFO] 2026/06/04 00:51:42 Manual scan requested by user
[INFO] 2026/06/04 00:51:42 Discovery service stopped
[INFO] 2026/06/04 00:51:43 Advertising mDNS service: Name=Nitro, Port=50005, IP=192.168.1.13
[INFO] 2026/06/04 00:51:46 Manual scan requested by user
[INFO] 2026/06/04 00:51:46 Discovery service stopped
[INFO] 2026/06/04 00:51:47 Advertising mDNS service: Name=Nitro, Port=50005, IP=192.168.1.13
[INFO] 2026/06/04 00:51:56 Manual scan requested by user
[INFO] 2026/06/04 00:51:56 Discovery service stopped
[INFO] 2026/06/04 00:51:57 Advertising mDNS service: Name=Nitro, Port=50005, IP=192.168.1.13
[INFO] 2026/06/04 00:52:06 Manual scan requested by user
[INFO] 2026/06/04 00:52:06 Discovery service stopped
[INFO] 2026/06/04 00:52:07 Advertising mDNS service: Name=Nitro, Port=50005, IP=192.168.1.13
[INFO] 2026/06/04 00:52:16 Manual scan requested by user
[INFO] 2026/06/04 00:52:16 Discovery service stopped
[INFO] 2026/06/04 00:52:17 Advertising mDNS service: Name=Nitro, Port=50005, IP=192.168.1.13
[INFO] 2026/06/04 00:52:26 Manual scan requested by user
[INFO] 2026/06/04 00:52:26 Discovery service stopped
[INFO] 2026/06/04 00:52:27 Advertising mDNS service: Name=Nitro, Port=50005, IP=192.168.1.13
[INFO] 2026/06/04 00:52:36 Manual scan requested by user
[INFO] 2026/06/04 00:52:36 Discovery service stopped
[INFO] 2026/06/04 00:52:37 Advertising mDNS service: Name=Nitro, Port=50005, IP=192.168.1.13
[INFO] 2026/06/04 00:52:42 Manual scan requested by user
[INFO] 2026/06/04 00:52:42 Discovery service stopped
[INFO] 2026/06/04 00:52:43 Advertising mDNS service: Name=Nitro, Port=50005, IP=192.168.1.13
[INFO] 2026/06/04 00:52:46 Manual scan requested by user
[INFO] 2026/06/04 00:52:46 Discovery service stopped
[INFO] 2026/06/04 00:52:47 Advertising mDNS service: Name=Nitro, Port=50005, IP=192.168.1.13
[INFO] 2026/06/04 00:52:56 Manual scan requested by user
[INFO] 2026/06/04 00:52:56 Discovery service stopped
[INFO] 2026/06/04 00:52:57 Advertising mDNS service: Name=Nitro, Port=50005, IP=192.168.1.13
[INFO] 2026/06/04 00:53:06 Manual scan requested by user
[INFO] 2026/06/04 00:53:06 Discovery service stopped
[INFO] 2026/06/04 00:53:07 Advertising mDNS service: Name=Nitro, Port=50005, IP=192.168.1.13
[INFO] 2026/06/04 00:53:16 Manual scan requested by user
[INFO] 2026/06/04 00:53:16 Discovery service stopped
[INFO] 2026/06/04 00:53:17 Advertising mDNS service: Name=Nitro, Port=50005, IP=192.168.1.13
[INFO] 2026/06/04 00:53:26 Manual scan requested by user
[INFO] 2026/06/04 00:53:26 Discovery service stopped
[INFO] 2026/06/04 00:53:27 Advertising mDNS service: Name=Nitro, Port=50005, IP=192.168.1.13
[INFO] 2026/06/04 00:53:36 Manual scan requested by user
[INFO] 2026/06/04 00:53:36 Discovery service stopped
[INFO] 2026/06/04 00:53:37 Advertising mDNS service: Name=Nitro, Port=50005, IP=192.168.1.13
[INFO] 2026/06/04 00:53:41 Received OS signal: interrupt. Shutting down...
[INFO] 2026/06/04 00:53:41 Discovery service stopped
[INFO] 2026/06/04 00:53:41 TCP Receiver stopped
