[INFO] 2026/09/28 19:57:27 Starting P2P File Transfer Application...
[INFO] 2026/09/28 19:57:27 TCP Receiver started on :50005
[INFO] 2026/09/28 19:57:27 WebSocket server starting on :8081
[INFO] 2026/09/28 19:57:27 Advertising mDNS service: Name=Nitro, Port=50005, IP=192.168.1.7
[INFO] 2026/09/28 19:57:27 Fiber web server starting on http://localhost:8080
[INFO] 2026/09/28 19:57:28 Opening dashboard in browser...
[INFO] 2026/09/28 19:57:28 WebSocket client connected
[INFO] 2026/09/28 19:57:28 Manual scan requested by user
[INFO] 2026/09/28 19:57:28 Discovery service stopped
[INFO] 2026/09/28 19:57:29 Advertising mDNS service: Name=Nitro, Port=50005, IP=192.168.1.7
[INFO] 2026/09/28 19:57:38 Manual scan requested by user
[INFO] 2026/09/28 19:57:38 Discovery service stopped
[INFO] 2026/09/28 19:57:39 Advertising mDNS service: Name=Nitro, Port=50005, IP=192.168.1.7
[INFO] 2026/09/28 19:57:52 WebSocket client disconnected
[INFO] 2026/09/28 19:57:54 Performing periodic background mDNS scan...
[INFO] 2026/09/28 19:58:09 Performing periodic background mDNS scan...
[INFO] 2026/09/28 19:58:24 Performing periodic background mDNS scan...
[INFO] 2026/09/28 19:58:39 Performing periodic background mDNS scan...
[INFO] 2026/09/28 19:58:54 Performing periodic background mDNS scan...
[INFO] 2026/09/28 19:59:09 Performing periodic background mDNS scan...
[INFO] 2026/09/28 19:59:24 Performing periodic background mDNS scan...
[INFO] 2026/09/28 19:59:39 Performing periodic background mDNS scan...
[INFO] 2026/09/28 19:59:54 Performing periodic background mDNS scan...
[INFO] 2026/09/28 20:00:08 Received OS signal: terminated. Shutting down...
[INFO] 2026/09/28 20:00:08 Discovery service stopped
[INFO] 2026/09/28 20:00:08 TCP Receiver stopped
